
Optional file libmchp_peripheral.a not found

Optional file libmchp_peripheral_32MX320F128H.a not found
Archive member included because of file (symbol)

c:/program files/microchip/xc32/v2.41/bin/bin/../../lib/gcc/pic32mx/4.8.3\libgcc.a(floatunsisf.o)
                              build/default/production/_ext/1975241074/AD.o (__floatunsisf)
c:/program files/microchip/xc32/v2.41/bin/bin/../../lib/gcc/pic32mx/4.8.3/../../../../pic32mx/lib\libpic32.a(default-bootstrap-exception-handler.o)
                              C:\Users\athar\AppData\Local\Temp\ccLipUOY.o (_bootstrap_exception_handler)
c:/program files/microchip/xc32/v2.41/bin/bin/../../lib/gcc/pic32mx/4.8.3/../../../../pic32mx/lib\libpic32.a(default-on-reset.o)
                              C:\Users\athar\AppData\Local\Temp\ccLipUOY.o (_on_reset)
c:/program files/microchip/xc32/v2.41/bin/bin/../../lib/gcc/pic32mx/4.8.3/../../../../pic32mx/lib\libpic32.a(default-on-bootstrap.o)
                              C:\Users\athar\AppData\Local\Temp\ccLipUOY.o (_on_bootstrap)
c:/program files/microchip/xc32/v2.41/bin/bin/../../lib/gcc/pic32mx/4.8.3/../../../../pic32mx/lib\libpic32.a(default-nmi-handler.o)
                              C:\Users\athar\AppData\Local\Temp\ccLipUOY.o (_nmi_handler)
c:/program files/microchip/xc32/v2.41/bin/bin/../../lib/gcc/pic32mx/4.8.3/../../../../pic32mx/lib\libpic32.a(pic32_data_init.o)
                              C:\Users\athar\AppData\Local\Temp\ccLipUOY.o (__pic32_data_init)
c:/program files/microchip/xc32/v2.41/bin/bin/../../lib/gcc/pic32mx/4.8.3/../../../../pic32mx/lib\libpic32.a(general-exception.o)
                              C:\Users\athar\AppData\Local\Temp\ccLipUOY.o (_general_exception_context)
c:/program files/microchip/xc32/v2.41/bin/bin/../../lib/gcc/pic32mx/4.8.3/../../../../pic32mx/lib\libpic32.a(vector0.o)
                              C:\Users\athar\AppData\Local\Temp\ccHXMjpZ.o (__vector_dispatch_0)
c:/program files/microchip/xc32/v2.41/bin/bin/../../lib/gcc/pic32mx/4.8.3/../../../../pic32mx/lib\libpic32.a(vector1.o)
                              C:\Users\athar\AppData\Local\Temp\ccHXMjpZ.o (__vector_dispatch_1)
c:/program files/microchip/xc32/v2.41/bin/bin/../../lib/gcc/pic32mx/4.8.3/../../../../pic32mx/lib\libpic32.a(vector2.o)
                              C:\Users\athar\AppData\Local\Temp\ccHXMjpZ.o (__vector_dispatch_2)
c:/program files/microchip/xc32/v2.41/bin/bin/../../lib/gcc/pic32mx/4.8.3/../../../../pic32mx/lib\libpic32.a(vector3.o)
                              C:\Users\athar\AppData\Local\Temp\ccHXMjpZ.o (__vector_dispatch_3)
c:/program files/microchip/xc32/v2.41/bin/bin/../../lib/gcc/pic32mx/4.8.3/../../../../pic32mx/lib\libpic32.a(vector5.o)
                              C:\Users\athar\AppData\Local\Temp\ccHXMjpZ.o (__vector_dispatch_5)
c:/program files/microchip/xc32/v2.41/bin/bin/../../lib/gcc/pic32mx/4.8.3/../../../../pic32mx/lib\libpic32.a(vector6.o)
                              C:\Users\athar\AppData\Local\Temp\ccHXMjpZ.o (__vector_dispatch_6)
c:/program files/microchip/xc32/v2.41/bin/bin/../../lib/gcc/pic32mx/4.8.3/../../../../pic32mx/lib\libpic32.a(vector7.o)
                              C:\Users\athar\AppData\Local\Temp\ccHXMjpZ.o (__vector_dispatch_7)
c:/program files/microchip/xc32/v2.41/bin/bin/../../lib/gcc/pic32mx/4.8.3/../../../../pic32mx/lib\libpic32.a(vector8.o)
                              C:\Users\athar\AppData\Local\Temp\ccHXMjpZ.o (__vector_dispatch_8)
c:/program files/microchip/xc32/v2.41/bin/bin/../../lib/gcc/pic32mx/4.8.3/../../../../pic32mx/lib\libpic32.a(vector9.o)
                              C:\Users\athar\AppData\Local\Temp\ccHXMjpZ.o (__vector_dispatch_9)
c:/program files/microchip/xc32/v2.41/bin/bin/../../lib/gcc/pic32mx/4.8.3/../../../../pic32mx/lib\libpic32.a(vector10.o)
                              C:\Users\athar\AppData\Local\Temp\ccHXMjpZ.o (__vector_dispatch_10)
c:/program files/microchip/xc32/v2.41/bin/bin/../../lib/gcc/pic32mx/4.8.3/../../../../pic32mx/lib\libpic32.a(vector11.o)
                              C:\Users\athar\AppData\Local\Temp\ccHXMjpZ.o (__vector_dispatch_11)
c:/program files/microchip/xc32/v2.41/bin/bin/../../lib/gcc/pic32mx/4.8.3/../../../../pic32mx/lib\libpic32.a(vector12.o)
                              C:\Users\athar\AppData\Local\Temp\ccHXMjpZ.o (__vector_dispatch_12)
c:/program files/microchip/xc32/v2.41/bin/bin/../../lib/gcc/pic32mx/4.8.3/../../../../pic32mx/lib\libpic32.a(vector13.o)
                              C:\Users\athar\AppData\Local\Temp\ccHXMjpZ.o (__vector_dispatch_13)
c:/program files/microchip/xc32/v2.41/bin/bin/../../lib/gcc/pic32mx/4.8.3/../../../../pic32mx/lib\libpic32.a(vector14.o)
                              C:\Users\athar\AppData\Local\Temp\ccHXMjpZ.o (__vector_dispatch_14)
c:/program files/microchip/xc32/v2.41/bin/bin/../../lib/gcc/pic32mx/4.8.3/../../../../pic32mx/lib\libpic32.a(vector15.o)
[...]
Memory Configuration

Name             Origin             Length             Attributes
kseg0_program_mem 0x9d002000         0x0001d000         xr
kseg0_boot_mem   0x9d000490         0x00000970
exception_mem    0x9d001000         0x00001000
kseg1_boot_mem   0xbd000000         0x00000490
debug_exec_mem   0xbfc02000         0x00000ff0
config3          0xbfc02ff0         0x00000004
config2          0xbfc02ff4         0x00000004
config1          0xbfc02ff8         0x00000004
config0          0xbfc02ffc         0x00000004
kseg1_data_mem   0xa0000000         0x00004000         w !x
sfrs             0xbf800000         0x00100000
configsfrs       0xbfc02ff0         0x00000010
*default*        0x00000000         0xffffffff

Linker script and memory map

LOAD c:/program files/microchip/xc32/v2.41/bin/bin/../../lib/gcc/pic32mx/4.8.3/../../../../pic32mx/lib\debug-exception-return.o
LOAD build/default/production/_ext/1975241074/AD.o
LOAD build/default/production/_ext/1975241074/BOARD.o
LOAD build/default/production/_ext/1975241074/ES_CheckEvents.o
LOAD build/default/production/_ext/1975241074/ES_Framework.o
LOAD build/default/production/_ext/1975241074/ES_KeyboardInput.o
LOAD build/default/production/_ext/1975241074/ES_PostList.o
LOAD build/default/production/_ext/1975241074/ES_Queue.o
LOAD build/default/production/_ext/1975241074/ES_TattleTale.o
LOAD build/default/production/_ext/1975241074/ES_Timers.o
LOAD build/default/production/_ext/1975241074/IO_Ports.o
LOAD build/default/production/_ext/1975241074/LED.o
LOAD build/default/production/_ext/1975241074/RC_Servo.o
LOAD build/default/production/_ext/1975241074/pwm.o
LOAD build/default/production/_ext/1975241074/roach.o
LOAD build/default/production/_ext/1975241074/serial.o
LOAD build/default/production/_ext/1975241074/timers.o
LOAD build/default/production/_ext/1556939633/BeaconService.o
LOAD build/default/production/_ext/1556939633/BumperService.o
LOAD build/default/production/_ext/1556939633/DepositBigLoadSubHSM.o
LOAD build/default/production/_ext/1556939633/DispenserService.o
LOAD build/default/production/_ext/1556939633/EdgeFollowingSubHSM.o
LOAD build/default/production/_ext/1556939633/EncoderService.o
LOAD build/default/production/_ext/1556939633/EventCheckers.o
LOAD build/default/production/_ext/1556939633/FindCorrectSideCWSubHSM.o
LOAD build/default/production/_ext/1556939633/MotorControl.o
LOAD build/default/production/_ext/1556939633/OrientationSubHSM.o
LOAD build/default/production/_ext/1556939633/ParallelVatSubHSM.o
LOAD build/default/production/_ext/1556939633/TankService.o
LOAD build/default/production/_ext/1556939633/TapeService.o
LOAD build/default/production/_ext/1556939633/TemplateES_Main.o
LOAD build/default/production/_ext/1556939633/TravelToBeaconSubHSM.o
LOAD build/default/production/_ext/1556939633/TopLvlHSM.o
LOAD build/default/production/_ext/1556939633/ReorientateSubHSM.o
LOAD build/default/production/_ext/1556939633/CheckIfTowerSubHSM.o
LOAD build/default/production/_ext/1556939633/EdgeObstacleSubHSM.o
LOAD build/default/production/_ext/1556939633/FindCorrectSideCCWSubHSM.o
LOAD build/default/production/_ext/1556939633/DepositBigLoadCCWSubHSM.o
                0x00000001                __MPLAB_BUILD = 0x1
                0x00000400                PROVIDE (_min_stack_size, 0x400)
START GROUP
LOAD libmchp_peripheral.a
END GROUP
START GROUP
LOAD libmchp_peripheral_32MX320F128H.a
END GROUP
                0x00000001                PROVIDE (_vector_spacing, 0x1)
                0x9d001000                _ebase_address = 0x9d001000
                0xbd000000                _RESET_ADDR = 0xbd000000
                0xbd000380                _BEV_EXCPT_ADDR = 0xbd000380
                0xbd000480                _DBG_EXCPT_ADDR = 0xbd000480
                0xbfc02000                _DBG_CODE_ADDR = 0xbfc02000
                0x00000ff0                _DBG_CODE_SIZE = 0xff0
                0x9d001180                _GEN_EXCPT_ADDR = (_ebase_address + 0x180)

.config_BFC02FF0
 *(.config_BFC02FF0)

.config_BFC02FF4
 *(.config_BFC02FF4)

.config_BFC02FF8
 *(.config_BFC02FF8)

.config_BFC02FFC
 *(.config_BFC02FFC)
                0xbfc02000                PROVIDE (_DBG_CODE_ADDR, 0xbfc02000)
                0x00000ff0                PROVIDE (_DBG_CODE_SIZE, 0xff0)

.reset          0xbd000000      0x19c
 *(.reset)
 .reset         0xbd000000        0x8 C:\Users\athar\AppData\Local\Temp\ccLipUOY.o
                0xbd000000                _reset
 *(.reset.startup)
 .reset.startup
                0xbd000008      0x194 C:\Users\athar\AppData\Local\Temp\ccLipUOY.o
                0xbd000008                _startup

.bev_excpt      0xbd000380       0x10
 *(.bev_handler)
 .bev_handler   0xbd000380       0x10 C:\Users\athar\AppData\Local\Temp\ccLipUOY.o

.dbg_excpt      0xbd000480        0x0
                0xbd000480                . = (. + DEFINED (_DEBUGGER)?0x8:0x0)

.dbg_code       0xbfc02000        0x0
                0xbfc02000                . = (. + DEFINED (_DEBUGGER)?_DBG_CODE_SIZE:0x0)

.app_excpt      0x9d001180       0x10
 *(.gen_handler)
 .gen_handler   0x9d001180       0x10 C:\Users\athar\AppData\Local\Temp\ccLipUOY.o

.vector_0       0x9d001200        0x8
 *(.vector_0)
 .vector_0      0x9d001200        0x8 c:/program files/microchip/xc32/v2.41/bin/bin/../../lib/gcc/pic32mx/4.8.3/../../../../pic32mx/lib\libpic32.a(vector0.o)
                0x9d001200                __vector_dispatch_0
                0x00000001                ASSERT (((_vector_spacing == 0x0) || (SIZEOF (.vector_0) <= (_vector_spacing << 0x5))), function at exception vector 0 too large)

.vector_1       0x9d001220        0x8
 *(.vector_1)
 .vector_1      0x9d001220        0x8 c:/program files/microchip/xc32/v2.41/bin/bin/../../lib/gcc/pic32mx/4.8.3/../../../../pic32mx/lib\libpic32.a(vector1.o)
                0x9d001220                __vector_dispatch_1
                0x00000001                ASSERT (((_vector_spacing == 0x0) || (SIZEOF (.vector_1) <= (_vector_spacing << 0x5))), function at exception vector 1 too large)

.vector_2       0x9d001240        0x8
 *(.vector_2)
 .vector_2      0x9d001240        0x8 c:/program files/microchip/xc32/v2.41/bin/bin/../../lib/gcc/pic32mx/4.8.3/../../../../pic32mx/lib\libpic32.a(vector2.o)
                0x9d001240                __vector_dispatch_2
                0x00000001                ASSERT (((_vector_spacing == 0x0) || (SIZEOF (.vector_2) <= (_vector_spacing << 0x5))), function at exception vector 2 too large)

.vector_3       0x9d001260        0x8
 *(.vector_3)
 .vector_3      0x9d001260        0x8 c:/program files/microchip/xc32/v2.41/bin/bin/../../lib/gcc/pic32mx/4.8.3/../../../../pic32mx/lib\libpic32.a(vector3.o)
                0x9d001260                __vector_dispatch_3
                0x00000001                ASSERT (((_vector_spacing == 0x0) || (SIZEOF (.vector_3) <= (_vector_spacing << 0x5))), function at exception vector 3 too large)

.vector_4       0x9d001280        0x8
 *(.vector_4)
 .vector_4      0x9d001280        0x8 build/default/production/_ext/1975241074/ES_Timers.o
                0x9d001280                __vector_dispatch_4
                0x00000001                ASSERT (((_vector_spacing == 0x0) || (SIZEOF (.vector_4) <= (_vector_spacing << 0x5))), function at exception vector 4 too large)

.vector_5       0x9d0012a0        0x8
 *(.vector_5)
 .vector_5      0x9d0012a0        0x8 c:/program files/microchip/xc32/v2.41/bin/bin/../../lib/gcc/pic32mx/4.8.3/../../../../pic32mx/lib\libpic32.a(vector5.o)
                0x9d0012a0                __vector_dispatch_5
                0x00000001                ASSERT (((_vector_spacing == 0x0) || (SIZEOF (.vector_5) <= (_vector_spacing << 0x5))), function at exception vector 5 too large)

.vector_6       0x9d0012c0        0x8
 *(.vector_6)
 .vector_6      0x9d0012c0        0x8 c:/program files/microchip/xc32/v2.41/bin/bin/../../lib/gcc/pic32mx/4.8.3/../../../../pic32mx/lib\libpic32.a(vector6.o)
                0x9d0012c0                __vector_dispatch_6
                0x00000001                ASSERT (((_vector_spacing == 0x0) || (SIZEOF (.vector_6) <= (_vector_spacing << 0x5))), function at exception vector 6 too large)

.vector_7       0x9d0012e0        0x8
 *(.vector_7)
 .vector_7      0x9d0012e0        0x8 c:/program files/microchip/xc32/v2.41/bin/bin/../../lib/gcc/pic32mx/4.8.3/../../../../pic32mx/lib\libpic32.a(vector7.o)
                0x9d0012e0                __vector_dispatch_7
                0x00000001                ASSERT (((_vector_spacing == 0x0) || (SIZEOF (.vector_7) <= (_vector_spacing << 0x5))), function at exception vector 7 too large)

.vector_8       0x9d001300        0x8
 *(.vector_8)
 .vector_8      0x9d001300        0x8 c:/program files/microchip/xc32/v2.41/bin/bin/../../lib/gcc/pic32mx/4.8.3/../../../../pic32mx/lib\libpic32.a(vector8.o)
                0x9d001300                __vector_dispatch_8
                0x00000001                ASSERT (((_vector_spacing == 0x0) || (SIZEOF (.vector_8) <= (_vector_spacing << 0x5))), function at exception vector 8 too large)

.vector_9       0x9d001320        0x8
 *(.vector_9)
 .vector_9      0x9d001320        0x8 c:/program files/microchip/xc32/v2.41/bin/bin/../../lib/gcc/pic32mx/4.8.3/../../../../pic32mx/lib\libpic32.a(vector9.o)
                0x9d001320                __vector_dispatch_9
                0x00000001                ASSERT (((_vector_spacing == 0x0) || (SIZEOF (.vector_9) <= (_vector_spacing << 0x5))), function at exception vector 9 too large)

.vector_10      0x9d001340        0x8
 *(.vector_10)
 .vector_10     0x9d001340        0x8 c:/program files/microchip/xc32/v2.41/bin/bin/../../lib/gcc/pic32mx/4.8.3/../../../../pic32mx/lib\libpic32.a(vector10.o)
                0x9d001340                __vector_dispatch_10
                0x00000001                ASSERT (((_vector_spacing == 0x0) || (SIZEOF (.vector_10) <= (_vector_spacing << 0x5))), function at exception vector 10 too large)

.vector_11      0x9d001360        0x8
 *(.vector_11)
 .vector_11     0x9d001360        0x8 c:/program files/microchip/xc32/v2.41/bin/bin/../../lib/gcc/pic32mx/4.8.3/../../../../pic32mx/lib\libpic32.a(vector11.o)
                0x9d001360                __vector_dispatch_11
                0x00000001                ASSERT (((_vector_spacing == 0x0) || (SIZEOF (.vector_11) <= (_vector_spacing << 0x5))), function at exception vector 11 too large)

.vector_12      0x9d001380        0x8
 *(.vector_12)
 .vector_12     0x9d001380        0x8 c:/program files/microchip/xc32/v2.41/bin/bin/../../lib/gcc/pic32mx/4.8.3/../../../../pic32mx/lib\libpic32.a(vector12.o)
                0x9d001380                __vector_dispatch_12
                0x00000001                ASSERT (((_vector_spacing == 0x0) || (SIZEOF (.vector_12) <= (_vector_spacing << 0x5))), function at exception vector 12 too large)

.vector_13      0x9d0013a0        0x8
 *(.vector_13)
 .vector_13     0x9d0013a0        0x8 c:/program files/microchip/xc32/v2.41/bin/bin/../../lib/gcc/pic32mx/4.8.3/../../../../pic32mx/lib\libpic32.a(vector13.o)
                0x9d0013a0                __vector_dispatch_13
                0x00000001                ASSERT (((_vector_spacing == 0x0) || (SIZEOF (.vector_13) <= (_vector_spacing << 0x5))), function at exception vector 13 too large)

.vector_14      0x9d0013c0        0x8
 *(.vector_14)
 .vector_14     0x9d0013c0        0x8 c:/program files/microchip/xc32/v2.41/bin/bin/../../lib/gcc/pic32mx/4.8.3/../../../../pic32mx/lib\libpic32.a(vector14.o)
                0x9d0013c0                __vector_dispatch_14
                0x00000001                ASSERT (((_vector_spacing == 0x0) || (SIZEOF (.vector_14) <= (_vector_spacing << 0x5))), function at exception vector 14 too large)

.vector_15      0x9d0013e0        0x8
 *(.vector_15)
 .vector_15     0x9d0013e0        0x8 c:/program files/microchip/xc32/v2.41/bin/bin/../../lib/gcc/pic32mx/4.8.3/../../../../pic32mx/lib\libpic32.a(vector15.o)
                0x9d0013e0                __vector_dispatch_15
                0x00000001                ASSERT (((_vector_spacing == 0x0) || (SIZEOF (.vector_15) <= (_vector_spacing << 0x5))), function at exception vector 15 too large)

.vector_16      0x9d001400        0x8
 *(.vector_16)
 .vector_16     0x9d001400        0x8 build/default/production/_ext/1975241074/RC_Servo.o
                0x9d001400                __vector_dispatch_16
                0x00000001                ASSERT (((_vector_spacing == 0x0) || (SIZEOF (.vector_16) <= (_vector_spacing << 0x5))), function at exception vector 16 too large)

.vector_17      0x9d001420        0x8
 *(.vector_17)
 .vector_17     0x9d001420        0x8 c:/program files/microchip/xc32/v2.41/bin/bin/../../lib/gcc/pic32mx/4.8.3/../../../../pic32mx/lib\libpic32.a(vector17.o)
                0x9d001420                __vector_dispatch_17
                0x00000001                ASSERT (((_vector_spacing == 0x0) || (SIZEOF (.vector_17) <= (_vector_spacing << 0x5))), function at exception vector 17 too large)

.vector_18      0x9d001440        0x8
 *(.vector_18)
 .vector_18     0x9d001440        0x8 c:/program files/microchip/xc32/v2.41/bin/bin/../../lib/gcc/pic32mx/4.8.3/../../../../pic32mx/lib\libpic32.a(vector18.o)
                0x9d001440                __vector_dispatch_18
                0x00000001                ASSERT (((_vector_spacing == 0x0) || (SIZEOF (.vector_18) <= (_vector_spacing << 0x5))), function at exception vector 18 too large)

.vector_19      0x9d001460        0x8
 *(.vector_19)
 .vector_19     0x9d001460        0x8 c:/program files/microchip/xc32/v2.41/bin/bin/../../lib/gcc/pic32mx/4.8.3/../../../../pic32mx/lib\libpic32.a(vector19.o)
                0x9d001460                __vector_dispatch_19
                0x00000001                ASSERT (((_vector_spacing == 0x0) || (SIZEOF (.vector_19) <= (_vector_spacing << 0x5))), function at exception vector 19 too large)

.vector_20      0x9d001480        0x8
 *(.vector_20)
 .vector_20     0x9d001480        0x8 build/default/production/_ext/1975241074/timers.o
                0x9d001480                __vector_dispatch_20
                0x00000001                ASSERT (((_vector_spacing == 0x0) || (SIZEOF (.vector_20) <= (_vector_spacing << 0x5))), function at exception vector 20 too large)

.vector_21      0x9d0014a0        0x8
 *(.vector_21)
 .vector_21     0x9d0014a0        0x8 c:/program files/microchip/xc32/v2.41/bin/bin/../../lib/gcc/pic32mx/4.8.3/../../../../pic32mx/lib\libpic32.a(vector21.o)
                0x9d0014a0                __vector_dispatch_21
                0x00000001                ASSERT (((_vector_spacing == 0x0) || (SIZEOF (.vector_21) <= (_vector_spacing << 0x5))), function at exception vector 21 too large)

.vector_22      0x9d0014c0        0x8
 *(.vector_22)
 .vector_22     0x9d0014c0        0x8 c:/program files/microchip/xc32/v2.41/bin/bin/../../lib/gcc/pic32mx/4.8.3/../../../../pic32mx/lib\libpic32.a(vector22.o)
                0x9d0014c0                __vector_dispatch_22
                0x00000001                ASSERT (((_vector_spacing == 0x0) || (SIZEOF (.vector_22) <= (_vector_spacing << 0x5))), function at exception vector 22 too large)

.vector_23      0x9d0014e0        0x8
 *(.vector_23)
 .vector_23     0x9d0014e0        0x8 c:/program files/microchip/xc32/v2.41/bin/bin/../../lib/gcc/pic32mx/4.8.3/../../../../pic32mx/lib\libpic32.a(vector23.o)
                0x9d0014e0                __vector_dispatch_23
                0x00000001                ASSERT (((_vector_spacing == 0x0) || (SIZEOF (.vector_23) <= (_vector_spacing << 0x5))), function at exception vector 23 too large)

.vector_24      0x9d001500        0x8
 *(.vector_24)
 .vector_24     0x9d001500        0x8 build/default/production/_ext/1975241074/serial.o
                0x9d001500                __vector_dispatch_24
                0x00000001                ASSERT (((_vector_spacing == 0x0) || (SIZEOF (.vector_24) <= (_vector_spacing << 0x5))), function at exception vector 24 too large)

.vector_25      0x9d001520        0x8
 *(.vector_25)
 .vector_25     0x9d001520        0x8 c:/program files/microchip/xc32/v2.41/bin/bin/../../lib/gcc/pic32mx/4.8.3/../../../../pic32mx/lib\libpic32.a(vector25.o)
                0x9d001520                __vector_dispatch_25
                0x00000001                ASSERT (((_vector_spacing == 0x0) || (SIZEOF (.vector_25) <= (_vector_spacing << 0x5))), function at exception vector 25 too large)

.vector_26      0x9d001540        0x8
 *(.vector_26)
 .vector_26     0x9d001540        0x8 c:/program files/microchip/xc32/v2.41/bin/bin/../../lib/gcc/pic32mx/4.8.3/../../../../pic32mx/lib\libpic32.a(vector26.o)
                0x9d001540                __vector_dispatch_26
                0x00000001                ASSERT (((_vector_spacing == 0x0) || (SIZEOF (.vector_26) <= (_vector_spacing << 0x5))), function at exception vector 26 too large)

.vector_27      0x9d001560        0x8
 *(.vector_27)
 .vector_27     0x9d001560        0x8 build/default/production/_ext/1975241074/AD.o
                0x9d001560                __vector_dispatch_27
                0x00000001                ASSERT (((_vector_spacing == 0x0) || (SIZEOF (.vector_27) <= (_vector_spacing << 0x5))), function at exception vector 27 too large)

.vector_28      0x9d001580        0x8
 *(.vector_28)
 .vector_28     0x9d001580        0x8 c:/program files/microchip/xc32/v2.41/bin/bin/../../lib/gcc/pic32mx/4.8.3/../../../../pic32mx/lib\libpic32.a(vector28.o)
                0x9d001580                __vector_dispatch_28
                0x00000001                ASSERT (((_vector_spacing == 0x0) || (SIZEOF (.vector_28) <= (_vector_spacing << 0x5))), function at exception vector 28 too large)

.vector_29      0x9d0015a0        0x8
 *(.vector_29)
 .vector_29     0x9d0015a0        0x8 c:/program files/microchip/xc32/v2.41/bin/bin/../../lib/gcc/pic32mx/4.8.3/../../../../pic32mx/lib\libpic32.a(vector29.o)
                0x9d0015a0                __vector_dispatch_29
                0x00000001                ASSERT (((_vector_spacing == 0x0) || (SIZEOF (.vector_29) <= (_vector_spacing << 0x5))), function at exception vector 29 too large)

.vector_30      0x9d0015c0        0x8
 *(.vector_30)
 .vector_30     0x9d0015c0        0x8 c:/program files/microchip/xc32/v2.41/bin/bin/../../lib/gcc/pic32mx/4.8.3/../../../../pic32mx/lib\libpic32.a(vector30.o)
                0x9d0015c0                __vector_dispatch_30
                0x00000001                ASSERT (((_vector_spacing == 0x0) || (SIZEOF (.vector_30) <= (_vector_spacing << 0x5))), function at exception vector 30 too large)

.vector_31      0x9d0015e0        0x8
 *(.vector_31)
 .vector_31     0x9d0015e0        0x8 c:/program files/microchip/xc32/v2.41/bin/bin/../../lib/gcc/pic32mx/4.8.3/../../../../pic32mx/lib\libpic32.a(vector31.o)
                0x9d0015e0                __vector_dispatch_31
                0x00000001                ASSERT (((_vector_spacing == 0x0) || (SIZEOF (.vector_31) <= (_vector_spacing << 0x5))), function at exception vector 31 too large)

.vector_32      0x9d001600        0x8
 *(.vector_32)
 .vector_32     0x9d001600        0x8 c:/program files/microchip/xc32/v2.41/bin/bin/../../lib/gcc/pic32mx/4.8.3/../../../../pic32mx/lib\libpic32.a(vector32.o)
                0x9d001600                __vector_dispatch_32
                0x00000001                ASSERT (((_vector_spacing == 0x0) || (SIZEOF (.vector_32) <= (_vector_spacing << 0x5))), function at exception vector 32 too large)

.vector_33      0x9d001620        0x8
 *(.vector_33)
 .vector_33     0x9d001620        0x8 c:/program files/microchip/xc32/v2.41/bin/bin/../../lib/gcc/pic32mx/4.8.3/../../../../pic32mx/lib\libpic32.a(vector33.o)
                0x9d001620                __vector_dispatch_33
                0x00000001                ASSERT (((_vector_spacing == 0x0) || (SIZEOF (.vector_33) <= (_vector_spacing << 0x5))), function at exception vector 33 too large)

.vector_34      0x9d001640        0x8
 *(.vector_34)
 .vector_34     0x9d001640        0x8 c:/program files/microchip/xc32/v2.41/bin/bin/../../lib/gcc/pic32mx/4.8.3/../../../../pic32mx/lib\libpic32.a(vector34.o)
                0x9d001640                __vector_dispatch_34
                0x00000001                ASSERT (((_vector_spacing == 0x0) || (SIZEOF (.vector_34) <= (_vector_spacing << 0x5))), function at exception vector 34 too large)

.vector_35      0x9d001660        0x8
 *(.vector_35)
 .vector_35     0x9d001660        0x8 c:/program files/microchip/xc32/v2.41/bin/bin/../../lib/gcc/pic32mx/4.8.3/../../../../pic32mx/lib\libpic32.a(vector35.o)
                0x9d001660                __vector_dispatch_35
                0x00000001                ASSERT (((_vector_spacing == 0x0) || (SIZEOF (.vector_35) <= (_vector_spacing << 0x5))), function at exception vector 35 too large)

.vector_36      0x9d001680        0x8
 *(.vector_36)
 .vector_36     0x9d001680        0x8 c:/program files/microchip/xc32/v2.41/bin/bin/../../lib/gcc/pic32mx/4.8.3/../../../../pic32mx/lib\libpic32.a(vector36.o)
                0x9d001680                __vector_dispatch_36
                0x00000001                ASSERT (((_vector_spacing == 0x0) || (SIZEOF (.vector_36) <= (_vector_spacing << 0x5))), function at exception vector 36 too large)

.vector_37      0x9d0016a0        0x8
 *(.vector_37)
 .vector_37     0x9d0016a0        0x8 c:/program files/microchip/xc32/v2.41/bin/bin/../../lib/gcc/pic32mx/4.8.3/../../../../pic32mx/lib\libpic32.a(vector37.o)
                0x9d0016a0                __vector_dispatch_37
                0x00000001                ASSERT (((_vector_spacing == 0x0) || (SIZEOF (.vector_37) <= (_vector_spacing << 0x5))), function at exception vector 37 too large)

.vector_38      0x9d0016c0        0x8
 *(.vector_38)
 .vector_38     0x9d0016c0        0x8 c:/program files/microchip/xc32/v2.41/bin/bin/../../lib/gcc/pic32mx/4.8.3/../../../../pic32mx/lib\libpic32.a(vector38.o)
                0x9d0016c0                __vector_dispatch_38
                0x00000001                ASSERT (((_vector_spacing == 0x0) || (SIZEOF (.vector_38) <= (_vector_spacing << 0x5))), function at exception vector 38 too large)

.vector_39      0x9d0016e0        0x8
 *(.vector_39)
 .vector_39     0x9d0016e0        0x8 c:/program files/microchip/xc32/v2.41/bin/bin/../../lib/gcc/pic32mx/4.8.3/../../../../pic32mx/lib\libpic32.a(vector39.o)
                0x9d0016e0                __vector_dispatch_39
                0x00000001                ASSERT (((_vector_spacing == 0x0) || (SIZEOF (.vector_39) <= (_vector_spacing << 0x5))), function at exception vector 39 too large)

.vector_40      0x9d001700        0x8
 *(.vector_40)
 .vector_40     0x9d001700        0x8 c:/program files/microchip/xc32/v2.41/bin/bin/../../lib/gcc/pic32mx/4.8.3/../../../../pic32mx/lib\libpic32.a(vector40.o)
                0x9d001700                __vector_dispatch_40
                0x00000001                ASSERT (((_vector_spacing == 0x0) || (SIZEOF (.vector_40) <= (_vector_spacing << 0x5))), function at exception vector 40 too large)

.vector_41      0x9d001720        0x8
 *(.vector_41)
 .vector_41     0x9d001720        0x8 c:/program files/microchip/xc32/v2.41/bin/bin/../../lib/gcc/pic32mx/4.8.3/../../../../pic32mx/lib\libpic32.a(vector41.o)
                0x9d001720                __vector_dispatch_41
                0x00000001                ASSERT (((_vector_spacing == 0x0) || (SIZEOF (.vector_41) <= (_vector_spacing << 0x5))), function at exception vector 41 too large)

.vector_42      0x9d001740        0x8
 *(.vector_42)
 .vector_42     0x9d001740        0x8 c:/program files/microchip/xc32/v2.41/bin/bin/../../lib/gcc/pic32mx/4.8.3/../../../../pic32mx/lib\libpic32.a(vector42.o)
                0x9d001740                __vector_dispatch_42
                0x00000001                ASSERT (((_vector_spacing == 0x0) || (SIZEOF (.vector_42) <= (_vector_spacing << 0x5))), function at exception vector 42 too large)

.vector_43      0x9d001760        0x8
 *(.vector_43)
 .vector_43     0x9d001760        0x8 c:/program files/microchip/xc32/v2.41/bin/bin/../../lib/gcc/pic32mx/4.8.3/../../../../pic32mx/lib\libpic32.a(vector43.o)
                0x9d001760                __vector_dispatch_43
                0x00000001                ASSERT (((_vector_spacing == 0x0) || (SIZEOF (.vector_43) <= (_vector_spacing << 0x5))), function at exception vector 43 too large)

.vector_44      0x9d001780        0x8
 *(.vector_44)
 .vector_44     0x9d001780        0x8 c:/program files/microchip/xc32/v2.41/bin/bin/../../lib/gcc/pic32mx/4.8.3/../../../../pic32mx/lib\libpic32.a(vector44.o)
                0x9d001780                __vector_dispatch_44
                0x00000001                ASSERT (((_vector_spacing == 0x0) || (SIZEOF (.vector_44) <= (_vector_spacing << 0x5))), function at exception vector 44 too large)

.vector_45      0x9d0017a0        0x0
 *(.vector_45)
                0x00000001                ASSERT (((_vector_spacing == 0x0) || (SIZEOF (.vector_45) <= (_vector_spacing << 0x5))), function at exception vector 45 too large)

.vector_46      0x9d0017c0        0x0
 *(.vector_46)
                0x00000001                ASSERT (((_vector_spacing == 0x0) || (SIZEOF (.vector_46) <= (_vector_spacing << 0x5))), function at exception vector 46 too large)

.vector_47      0x9d0017e0        0x0
 *(.vector_47)
                0x00000001                ASSERT (((_vector_spacing == 0x0) || (SIZEOF (.vector_47) <= (_vector_spacing << 0x5))), function at exception vector 47 too large)

.vector_48      0x9d001800        0x0
 *(.vector_48)
                0x00000001                ASSERT (((_vector_spacing == 0x0) || (SIZEOF (.vector_48) <= (_vector_spacing << 0x5))), function at exception vector 48 too large)

.vector_49      0x9d001820        0x0
 *(.vector_49)
                0x00000001                ASSERT (((_vector_spacing == 0x0) || (SIZEOF (.vector_49) <= (_vector_spacing << 0x5))), function at exception vector 49 too large)

.vector_50      0x9d001840        0x0
 *(.vector_50)
                0x00000001                ASSERT (((_vector_spacing == 0x0) || (SIZEOF (.vector_50) <= (_vector_spacing << 0x5))), function at exception vector 50 too large)

.vector_51      0x9d001860        0x0
 *(.vector_51)
                0x00000001                ASSERT (((_vector_spacing == 0x0) || (SIZEOF (.vector_51) <= (_vector_spacing << 0x5))), function at exception vector 51 too large)

.vector_52      0x9d001880        0x0
 *(.vector_52)
                0x00000001                ASSERT (((_vector_spacing == 0x0) || (SIZEOF (.vector_52) <= (_vector_spacing << 0x5))), function at exception vector 52 too large)

.vector_53      0x9d0018a0        0x0
 *(.vector_53)
                0x00000001                ASSERT (((_vector_spacing == 0x0) || (SIZEOF (.vector_53) <= (_vector_spacing << 0x5))), function at exception vector 53 too large)

.vector_54      0x9d0018c0        0x0
 *(.vector_54)
                0x00000001                ASSERT (((_vector_spacing == 0x0) || (SIZEOF (.vector_54) <= (_vector_spacing << 0x5))), function at exception vector 54 too large)

.vector_55      0x9d0018e0        0x0
 *(.vector_55)
                0x00000001                ASSERT (((_vector_spacing == 0x0) || (SIZEOF (.vector_55) <= (_vector_spacing << 0x5))), function at exception vector 55 too large)

.vector_56      0x9d001900        0x0
 *(.vector_56)
                0x00000001                ASSERT (((_vector_spacing == 0x0) || (SIZEOF (.vector_56) <= (_vector_spacing << 0x5))), function at exception vector 56 too large)

.vector_57      0x9d001920        0x0
 *(.vector_57)
                0x00000001                ASSERT (((_vector_spacing == 0x0) || (SIZEOF (.vector_57) <= (_vector_spacing << 0x5))), function at exception vector 57 too large)

.vector_58      0x9d001940        0x0
 *(.vector_58)
                0x00000001                ASSERT (((_vector_spacing == 0x0) || (SIZEOF (.vector_58) <= (_vector_spacing << 0x5))), function at exception vector 58 too large)

.vector_59      0x9d001960        0x0
 *(.vector_59)
                0x00000001                ASSERT (((_vector_spacing == 0x0) || (SIZEOF (.vector_59) <= (_vector_spacing << 0x5))), function at exception vector 59 too large)

.vector_60      0x9d001980        0x0
 *(.vector_60)
                0x00000001                ASSERT (((_vector_spacing == 0x0) || (SIZEOF (.vector_60) <= (_vector_spacing << 0x5))), function at exception vector 60 too large)

.vector_61      0x9d0019a0        0x0
 *(.vector_61)
                0x00000001                ASSERT (((_vector_spacing == 0x0) || (SIZEOF (.vector_61) <= (_vector_spacing << 0x5))), function at exception vector 61 too large)

.vector_62      0x9d0019c0        0x0
 *(.vector_62)
                0x00000001                ASSERT (((_vector_spacing == 0x0) || (SIZEOF (.vector_62) <= (_vector_spacing << 0x5))), function at exception vector 62 too large)

.vector_63      0x9d0019e0        0x0
 *(.vector_63)
                0x00000001                ASSERT (((_vector_spacing == 0x0) || (SIZEOF (.vector_63) <= (_vector_spacing << 0x5))), function at exception vector 63 too large)

.startup
 *(.startup)

.text           0x9d002000        0x0
 *(.stub .gnu.linkonce.t.*)
 *(.text.*personality*)
 *(.mips16.fn.*)
 *(.mips16.call.*)
 *(.gnu.warning)
                0x9d002000                . = ALIGN (0x4)

.init           0x9d002000        0x0
 *crti.o(.init)
 *crtbegin.o(.init)
 *(EXCLUDE_FILE(*crtn.o *crtend?.o *crtend.o) .init)
 *crtend.o(.init)
 *crtn.o(.init)
                0x9d002000                . = ALIGN (0x4)

.fini           0x9d002000        0x0
 *(.fini)
                0x9d002000                . = ALIGN (0x4)

.preinit_array  0x9d002000        0x0
                0x9d002000                PROVIDE (__preinit_array_start, .)
 *(.preinit_array)
                0x9d002000                PROVIDE (__preinit_array_end, .)
                0x9d002000                . = ALIGN (0x4)

.init_array     0x9d002000        0x0
                0x9d002000                PROVIDE (__init_array_start, .)
 *(SORT(.init_array.*))
 *(.init_array)
                0x9d002000                PROVIDE (__init_array_end, .)
                0x9d002000                . = ALIGN (0x4)

.fini_array     0x9d002000        0x0
                0x9d002000                PROVIDE (__fini_array_start, .)
 *(SORT(.fini_array.*))
 *(.fini_array)
                0x9d002000                PROVIDE (__fini_array_end, .)
                0x9d002000                . = ALIGN (0x4)

.ctors          0x9d002000        0x0
 *crtbegin.o(.ctors)
 *crtbegin?.o(.ctors)
 *(EXCLUDE_FILE(*crtend?.o *crtend.o) .ctors)
 *(SORT(.ctors.*))
 *(.ctors)
                0x9d002000                . = ALIGN (0x4)

.dtors          0x9d002000        0x0
 *crtbegin.o(.dtors)
 *crtbegin?.o(.dtors)
 *(EXCLUDE_FILE(*crtend?.o *crtend.o) .dtors)
 *(SORT(.dtors.*))
 *(.dtors)
                0x9d002000                . = ALIGN (0x4)

.rodata         0x9d002000        0x0
 *(.gnu.linkonce.r.*)
 *(.rodata1)
                0x9d002000                . = ALIGN (0x4)

.sdata2         0x9d000490        0x0
 *(.sdata2 .sdata2.* .gnu.linkonce.s2.*)
                0x9d000490                . = ALIGN (0x4)

.sbss2          0x9d000490        0x0
 *(.sbss2 .sbss2.* .gnu.linkonce.sb2.*)
                0x9d000490                . = ALIGN (0x4)

.eh_frame_hdr
 *(.eh_frame_hdr)
                0x9d000490                . = ALIGN (0x4)

.eh_frame
 *(.eh_frame)
                0x9d000490                . = ALIGN (0x4)

.gcc_except_table
 *(.gcc_except_table .gcc_except_table.*)
                0x9d000490                . = ALIGN (0x4)

.dbg_data       0xa0000000        0x0
                0xa0000000                . = (. + DEFINED (_DEBUGGER)?0x200:0x0)

.jcr            0xa0000000        0x0
 *(.jcr)
                0xa0000000                . = ALIGN (0x4)

.eh_frame
 *(.eh_frame)
                0xa0000000                . = ALIGN (0x4)

.gcc_except_table
 *(.gcc_except_table .gcc_except_table.*)
                0xa0000000                . = ALIGN (0x4)

.persist        0xa0000000        0x0
                0xa0000000                _persist_begin = .
 *(.persist .persist.*)
 *(.pbss .pbss.*)
                0xa0000000                . = ALIGN (0x4)
                0xa0000000                _persist_end = .

.data           0xa0000000        0x0
 *(.gnu.linkonce.d.*)
 *(.data1)
                0xa0000000                . = ALIGN (0x4)
                0xa0000000                . = .
                0xa0007ff0                _gp = (ALIGN (0x10) + 0x7ff0)

.got            0xa0000000        0x0
 *(.got.plt)
 *(.got)
                0xa0000000                . = ALIGN (0x4)

.sdata          0xa0000000       0x40
                0xa0000000                _sdata_begin = .
 *(.sdata .sdata.* .gnu.linkonce.s.*)
 .sdata         0xa0000000        0x4 build/default/production/_ext/1975241074/AD.o
 .sdata         0xa0000004        0x8 build/default/production/_ext/1975241074/RC_Servo.o
 .sdata         0xa000000c        0x4 build/default/production/_ext/1556939633/BeaconService.o
 .sdata         0xa0000010       0x18 build/default/production/_ext/1556939633/BumperService.o
 .sdata         0xa0000028        0x4 build/default/production/_ext/1556939633/DepositBigLoadSubHSM.o
 .sdata         0xa000002c        0x4 build/default/production/_ext/1556939633/EventCheckers.o
 .sdata         0xa0000030        0x4 build/default/production/_ext/1556939633/TankService.o
 .sdata         0xa0000034        0x4 build/default/production/_ext/1556939633/ReorientateSubHSM.o
 .sdata         0xa0000038        0x4 build/default/production/_ext/1556939633/DepositBigLoadCCWSubHSM.o
 .sdata         0xa000003c        0x4 c:/program files/microchip/xc32/v2.41/bin/bin/../../lib/gcc/pic32mx/4.8.3/../../../../pic32mx/lib\liblega-c.a(_iobdata.o)
                0xa000003c                _libc_data
                0xa0000040                . = ALIGN (0x4)
                0xa0000040                _sdata_end = .

.lit8
 *(.lit8)

.lit4
 *(.lit4)
                0xa0000040                . = ALIGN (0x4)
                0xa0000040                _data_end = .
                0xa0000040                _bss_begin = .

.sbss           0xa0000040      0x1f8
                0xa0000040                _sbss_begin = .
 *(.dynsbss)
 *(.sbss .sbss.* .gnu.linkonce.sb.*)
 .sbss          0xa0000040       0x24 build/default/production/_ext/1975241074/AD.o
 .sbss          0xa0000064        0x8 build/default/production/_ext/1975241074/ES_Framework.o
 .sbss          0xa000006c        0x1 build/default/production/_ext/1975241074/ES_KeyboardInput.o
 *fill*         0xa000006d        0x3 
 .sbss          0xa0000070       0x30 build/default/production/_ext/1975241074/ES_Timers.o
 .sbss          0xa00000a0        0x2 build/default/production/_ext/1975241074/LED.o
 *fill*         0xa00000a2        0x2 
 .sbss          0xa00000a4       0x14 build/default/production/_ext/1975241074/RC_Servo.o
                0xa00000a4                RCenabled
 .sbss          0xa00000b8        0xc build/default/production/_ext/1975241074/pwm.o
 .sbss          0xa00000c4       0x10 build/default/production/_ext/1975241074/serial.o
 .sbss          0xa00000d4        0xc build/default/production/_ext/1975241074/timers.o
 .sbss          0xa00000e0       0x10 build/default/production/_ext/1556939633/BeaconService.o
 .sbss          0xa00000f0       0x28 build/default/production/_ext/1556939633/BumperService.o
 .sbss          0xa0000118        0x4 build/default/production/_ext/1556939633/DepositBigLoadSubHSM.o
 .sbss          0xa000011c        0x8 build/default/production/_ext/1556939633/DispenserService.o
 .sbss          0xa0000124       0x18 build/default/production/_ext/1556939633/EdgeFollowingSubHSM.o
 .sbss          0xa000013c       0x24 build/default/production/_ext/1556939633/EncoderService.o
 .sbss          0xa0000160       0x58 build/default/production/_ext/1556939633/EventCheckers.o
 .sbss          0xa00001b8        0x8 build/default/production/_ext/1556939633/FindCorrectSideCWSubHSM.o
 .sbss          0xa00001c0       0x10 build/default/production/_ext/1556939633/OrientationSubHSM.o
 .sbss          0xa00001d0        0x8 build/default/production/_ext/1556939633/ParallelVatSubHSM.o
 .sbss          0xa00001d8        0x2 build/default/production/_ext/1556939633/TankService.o
 *fill*         0xa00001da        0x2 
 .sbss          0xa00001dc        0xc build/default/production/_ext/1556939633/TapeService.o
 .sbss          0xa00001e8       0x18 build/default/production/_ext/1556939633/TravelToBeaconSubHSM.o
 .sbss          0xa0000200        0xc build/default/production/_ext/1556939633/TopLvlHSM.o
 .sbss          0xa000020c        0x8 build/default/production/_ext/1556939633/ReorientateSubHSM.o
 .sbss          0xa0000214        0x8 build/default/production/_ext/1556939633/CheckIfTowerSubHSM.o
 .sbss          0xa000021c        0x8 build/default/production/_ext/1556939633/EdgeObstacleSubHSM.o
 .sbss          0xa0000224        0x8 build/default/production/_ext/1556939633/FindCorrectSideCCWSubHSM.o
 .sbss          0xa000022c        0x2 build/default/production/_ext/1556939633/DepositBigLoadCCWSubHSM.o
 *fill*         0xa000022e        0x2 
 .sbss          0xa0000230        0x4 c:/program files/microchip/xc32/v2.41/bin/bin/../../lib/gcc/pic32mx/4.8.3/../../../../pic32mx/lib\liblega-c.a(errno.o)
                0xa0000230                errno
 *(.scommon)
 .scommon       0xa0000234        0x1 build/default/production/_ext/1975241074/ES_Framework.o
                0xa0000234                Ready
                0xa0000235                _sbss_end = .
                0xa0000238                . = ALIGN (0x4)
 *fill*         0xa0000235        0x3 

.bss            0xa0000238        0x0
 *(.dynbss)
 *(COMMON)
                0xa0000238                . = ALIGN ((. != 0x0)?0x4:0x1)
                0xa0000238                . = ALIGN (0x4)
                0xa0000238                _end = .
                0xa0000238                _bss_end = .
                0x00004000                _bmxdudba_address = 0x4000
                0x00004000                _bmxdupba_address = 0x4000

/DISCARD/
 *(.pdr)
 *(.rel.dyn)
 *(.note.GNU-stack)
 *(.note.GNU-stack)
 *(.gnu_debuglink)
 *(.gnu.lto_*)
 *(.discard)

.gptab.sdata
 *(.gptab.data)
 *(.gptab.sdata)

.gptab.sbss
 *(.gptab.bss)
 *(.gptab.sbss)

.mdebug.abi32   0xa0000238        0x0
 *(.mdebug.abi32)
 .mdebug.abi32  0xa0000238        0x0 build/default/production/_ext/1975241074/AD.o
 .mdebug.abi32  0xa0000238        0x0 build/default/production/_ext/1975241074/BOARD.o
 .mdebug.abi32  0xa0000238        0x0 build/default/production/_ext/1975241074/ES_CheckEvents.o
 .mdebug.abi32  0xa0000238        0x0 build/default/production/_ext/1975241074/ES_Framework.o
 .mdebug.abi32  0xa0000238        0x0 build/default/production/_ext/1975241074/ES_KeyboardInput.o
 .mdebug.abi32  0xa0000238        0x0 build/default/production/_ext/1975241074/ES_PostList.o
 .mdebug.abi32  0xa0000238        0x0 build/default/production/_ext/1975241074/ES_Queue.o
 .mdebug.abi32  0xa0000238        0x0 build/default/production/_ext/1975241074/ES_TattleTale.o
 .mdebug.abi32  0xa0000238        0x0 build/default/production/_ext/1975241074/ES_Timers.o
 .mdebug.abi32  0xa0000238        0x0 build/default/production/_ext/1975241074/IO_Ports.o
 .mdebug.abi32  0xa0000238        0x0 build/default/production/_ext/1975241074/LED.o
 .mdebug.abi32  0xa0000238        0x0 build/default/production/_ext/1975241074/RC_Servo.o
 .mdebug.abi32  0xa0000238        0x0 build/default/production/_ext/1975241074/pwm.o
 .mdebug.abi32  0xa0000238        0x0 build/default/production/_ext/1975241074/roach.o
 .mdebug.abi32  0xa0000238        0x0 build/default/production/_ext/1975241074/serial.o
 .mdebug.abi32  0xa0000238        0x0 build/default/production/_ext/1975241074/timers.o
 .mdebug.abi32  0xa0000238        0x0 build/default/production/_ext/1556939633/BeaconService.o
 .mdebug.abi32  0xa0000238        0x0 build/default/production/_ext/1556939633/BumperService.o
 .mdebug.abi32  0xa0000238        0x0 build/default/production/_ext/1556939633/DepositBigLoadSubHSM.o
 .mdebug.abi32  0xa0000238        0x0 build/default/production/_ext/1556939633/DispenserService.o
 .mdebug.abi32  0xa0000238        0x0 build/default/production/_ext/1556939633/EdgeFollowingSubHSM.o
 .mdebug.abi32  0xa0000238        0x0 build/default/production/_ext/1556939633/EncoderService.o
 .mdebug.abi32  0xa0000238        0x0 build/default/production/_ext/1556939633/EventCheckers.o
 .mdebug.abi32  0xa0000238        0x0 build/default/production/_ext/1556939633/FindCorrectSideCWSubHSM.o
 .mdebug.abi32  0xa0000238        0x0 build/default/production/_ext/1556939633/MotorControl.o
 .mdebug.abi32  0xa0000238        0x0 build/default/production/_ext/1556939633/OrientationSubHSM.o
 .mdebug.abi32  0xa0000238        0x0 build/default/production/_ext/1556939633/ParallelVatSubHSM.o
 .mdebug.abi32  0xa0000238        0x0 build/default/production/_ext/1556939633/TankService.o
 .mdebug.abi32  0xa0000238        0x0 build/default/production/_ext/1556939633/TapeService.o
 .mdebug.abi32  0xa0000238        0x0 build/default/production/_ext/1556939633/TemplateES_Main.o
 .mdebug.abi32  0xa0000238        0x0 build/default/production/_ext/1556939633/TravelToBeaconSubHSM.o
 .mdebug.abi32  0xa0000238        0x0 build/default/production/_ext/1556939633/TopLvlHSM.o
 .mdebug.abi32  0xa0000238        0x0 build/default/production/_ext/1556939633/ReorientateSubHSM.o
 .mdebug.abi32  0xa0000238        0x0 build/default/production/_ext/1556939633/CheckIfTowerSubHSM.o
 .mdebug.abi32  0xa0000238        0x0 build/default/production/_ext/1556939633/EdgeObstacleSubHSM.o
 .mdebug.abi32  0xa0000238        0x0 build/default/production/_ext/1556939633/FindCorrectSideCCWSubHSM.o
 .mdebug.abi32  0xa0000238        0x0 build/default/production/_ext/1556939633/DepositBigLoadCCWSubHSM.o
 .mdebug.abi32  0xa0000238        0x0 c:/program files/microchip/xc32/v2.41/bin/bin/../../lib/gcc/pic32mx/4.8.3\libgcc.a(floatunsisf.o)
 .mdebug.abi32  0xa0000238        0x0 c:/program files/microchip/xc32/v2.41/bin/bin/../../lib/gcc/pic32mx/4.8.3/../../../../pic32mx/lib\libpic32.a(default-bootstrap-exception-handler.o)
 .mdebug.abi32  0xa0000238        0x0 c:/program files/microchip/xc32/v2.41/bin/bin/../../lib/gcc/pic32mx/4.8.3/../../../../pic32mx/lib\libpic32.a(default-on-reset.o)
 .mdebug.abi32  0xa0000238        0x0 c:/program files/microchip/xc32/v2.41/bin/bin/../../lib/gcc/pic32mx/4.8.3/../../../../pic32mx/lib\libpic32.a(default-on-bootstrap.o)
 .mdebug.abi32  0xa0000238        0x0 c:/program files/microchip/xc32/v2.41/bin/bin/../../lib/gcc/pic32mx/4.8.3/../../../../pic32mx/lib\libpic32.a(default-general-exception-handler.o)
 .mdebug.abi32  0xa0000238        0x0 c:/program files/microchip/xc32/v2.41/bin/bin/../../lib/gcc/pic32mx/4.8.3/../../../../pic32mx/lib\libpic32.a(defaultinterrupt.o)
 .mdebug.abi32  0xa0000238        0x0 c:/program files/microchip/xc32/v2.41/bin/bin/../../lib/gcc/pic32mx/4.8.3/../../../../pic32mx/lib\liblega-c.a(fputs.o)
 .mdebug.abi32  0xa0000238        0x0 c:/program files/microchip/xc32/v2.41/bin/bin/../../lib/gcc/pic32mx/4.8.3/../../../../pic32mx/lib\liblega-c.a(printf_cdnopuxX.eo)
 .mdebug.abi32  0xa0000238        0x0 c:/program files/microchip/xc32/v2.41/bin/bin/../../lib/gcc/pic32mx/4.8.3/../../../../pic32mx/lib\liblega-c.a(strlen.o)
 .mdebug.abi32  0xa0000238        0x0 c:/program files/microchip/xc32/v2.41/bin/bin/../../lib/gcc/pic32mx/4.8.3/../../../../pic32mx/lib\liblega-c.a(_doprnt_cdnopuxX.eo)
 .mdebug.abi32  0xa0000238        0x0 c:/program files/microchip/xc32/v2.41/bin/bin/../../lib/gcc/pic32mx/4.8.3/../../../../pic32mx/lib\liblega-c.a(_iobdata.o)
 .mdebug.abi32  0xa0000238        0x0 c:/program files/microchip/xc32/v2.41/bin/bin/../../lib/gcc/pic32mx/4.8.3/../../../../pic32mx/lib\liblega-c.a(_iobfuncs.o)
 .mdebug.abi32  0xa0000238        0x0 c:/program files/microchip/xc32/v2.41/bin/bin/../../lib/gcc/pic32mx/4.8.3/../../../../pic32mx/lib\liblega-c.a(fputc.o)
 .mdebug.abi32  0xa0000238        0x0 c:/program files/microchip/xc32/v2.41/bin/bin/../../lib/gcc/pic32mx/4.8.3/../../../../pic32mx/lib\liblega-c.a(errno.o)
 .mdebug.abi32  0xa0000238        0x0 c:/program files/microchip/xc32/v2.41/bin/bin/../../lib/gcc/pic32mx/4.8.3\libgcc.a(_udivdi3.o)
 .mdebug.abi32  0xa0000238        0x0 c:/program files/microchip/xc32/v2.41/bin/bin/../../lib/gcc/pic32mx/4.8.3\libgcc.a(_umoddi3.o)
 .mdebug.abi32  0xa0000238        0x0 c:/program files/microchip/xc32/v2.41/bin/bin/../../lib/gcc/pic32mx/4.8.3/../../../../pic32mx/lib\libpic32.a(_mon_write.o)

.mdebug.abiN32
 *(.mdebug.abiN32)

.mdebug.abi64
 *(.mdebug.abi64)

.mdebug.abiO64
 *(.mdebug.abiO64)

.mdebug.eabi32
 *(.mdebug.eabi32)

.mdebug.eabi64
 *(.mdebug.eabi64)

.gcc_compiled_long32
 *(.gcc_compiled_long32)

.gcc_compiled_long64
 *(.gcc_compiled_long64)

.stab
 *(.stab)

.stabstr
 *(.stabstr)

.stab.excl
 *(.stab.excl)

.stab.exclstr
 *(.stab.exclstr)

.stab.index
 *(.stab.index)

.stab.indexstr
 *(.stab.indexstr)

.comment        0x00000000      0x2c3
 *(.comment)
 .comment       0x00000000       0x3c build/default/production/_ext/1975241074/AD.o
                                 0x3d (size before relaxing)
 .comment       0x00000000       0x3d build/default/production/_ext/1975241074/BOARD.o
 .comment       0x00000000       0x3d build/default/production/_ext/1975241074/ES_CheckEvents.o
 .comment       0x00000000       0x3d build/default/production/_ext/1975241074/ES_Framework.o
 .comment       0x00000000       0x3d build/default/production/_ext/1975241074/ES_KeyboardInput.o
 .comment       0x00000000       0x3d build/default/production/_ext/1975241074/ES_PostList.o
 .comment       0x00000000       0x3d build/default/production/_ext/1975241074/ES_Queue.o
 .comment       0x00000000       0x3d build/default/production/_ext/1975241074/ES_TattleTale.o
 .comment       0x00000000       0x3d build/default/production/_ext/1975241074/ES_Timers.o
 .comment       0x00000000       0x3d build/default/production/_ext/1975241074/IO_Ports.o
 .comment       0x00000000       0x3d build/default/production/_ext/1975241074/LED.o
 .comment       0x00000000       0x3d build/default/production/_ext/1975241074/RC_Servo.o
 .comment       0x00000000       0x3d build/default/production/_ext/1975241074/pwm.o
 .comment       0x00000000       0x3d build/default/production/_ext/1975241074/roach.o
 .comment       0x00000000       0x3d build/default/production/_ext/1975241074/serial.o
 .comment       0x00000000       0x3d build/default/production/_ext/1975241074/timers.o
 .comment       0x00000000       0x3d build/default/production/_ext/1556939633/BeaconService.o
 .comment       0x00000000       0x3d build/default/production/_ext/1556939633/BumperService.o
 .comment       0x00000000       0x3d build/default/production/_ext/1556939633/DepositBigLoadSubHSM.o
 .comment       0x00000000       0x3d build/default/production/_ext/1556939633/DispenserService.o
 .comment       0x00000000       0x3d build/default/production/_ext/1556939633/EdgeFollowingSubHSM.o
 .comment       0x00000000       0x3d build/default/production/_ext/1556939633/EncoderService.o
 .comment       0x00000000       0x3d build/default/production/_ext/1556939633/EventCheckers.o
 .comment       0x00000000       0x3d build/default/production/_ext/1556939633/FindCorrectSideCWSubHSM.o
 .comment       0x00000000       0x3d build/default/production/_ext/1556939633/MotorControl.o
 .comment       0x00000000       0x3d build/default/production/_ext/1556939633/OrientationSubHSM.o
 .comment       0x00000000       0x3d build/default/production/_ext/1556939633/ParallelVatSubHSM.o
 .comment       0x00000000       0x3d build/default/production/_ext/1556939633/TankService.o
 .comment       0x00000000       0x3d build/default/production/_ext/1556939633/TapeService.o
 .comment       0x00000000       0x3d build/default/production/_ext/1556939633/TemplateES_Main.o
 .comment       0x00000000       0x3d build/default/production/_ext/1556939633/TravelToBeaconSubHSM.o
 .comment       0x00000000       0x3d build/default/production/_ext/1556939633/TopLvlHSM.o
 .comment       0x00000000       0x3d build/default/production/_ext/1556939633/ReorientateSubHSM.o
 .comment       0x00000000       0x3d build/default/production/_ext/1556939633/CheckIfTowerSubHSM.o
 .comment       0x00000000       0x3d build/default/production/_ext/1556939633/EdgeObstacleSubHSM.o
 .comment       0x00000000       0x3d build/default/production/_ext/1556939633/FindCorrectSideCCWSubHSM.o
 .comment       0x00000000       0x3d build/default/production/_ext/1556939633/DepositBigLoadCCWSubHSM.o
 .comment       0x00000000       0x3d c:/program files/microchip/xc32/v2.41/bin/bin/../../lib/gcc/pic32mx/4.8.3\libgcc.a(floatunsisf.o)
 .comment       0x00000000       0x3d c:/program files/microchip/xc32/v2.41/bin/bin/../../lib/gcc/pic32mx/4.8.3/../../../../pic32mx/lib\libpic32.a(default-bootstrap-exception-handler.o)
 .comment       0x00000000       0x3d c:/program files/microchip/xc32/v2.41/bin/bin/../../lib/gcc/pic32mx/4.8.3/../../../../pic32mx/lib\libpic32.a(default-on-reset.o)
 .comment       0x00000000       0x3d c:/program files/microchip/xc32/v2.41/bin/bin/../../lib/gcc/pic32mx/4.8.3/../../../../pic32mx/lib\libpic32.a(default-on-bootstrap.o)
 .comment       0x00000000       0x3d c:/program files/microchip/xc32/v2.41/bin/bin/../../lib/gcc/pic32mx/4.8.3/../../../../pic32mx/lib\libpic32.a(default-general-exception-handler.o)
 .comment       0x00000000       0x3d c:/program files/microchip/xc32/v2.41/bin/bin/../../lib/gcc/pic32mx/4.8.3/../../../../pic32mx/lib\libpic32.a(defaultinterrupt.o)
 .comment       0x0000003c       0x50 c:/program files/microchip/xc32/v2.41/bin/bin/../../lib/gcc/pic32mx/4.8.3/../../../../pic32mx/lib\liblega-c.a(fputs.o)
                                 0x8d (size before relaxing)
 .comment       0x0000008c       0x51 c:/program files/microchip/xc32/v2.41/bin/bin/../../lib/gcc/pic32mx/4.8.3/../../../../pic32mx/lib\liblega-c.a(printf_cdnopuxX.eo)
                                 0x8e (size before relaxing)
 .comment       0x000000dd       0x4f c:/program files/microchip/xc32/v2.41/bin/bin/../../lib/gcc/pic32mx/4.8.3/../../../../pic32mx/lib\liblega-c.a(strlen.o)
                                 0x8c (size before relaxing)
 .comment       0x0000012c       0x52 c:/program files/microchip/xc32/v2.41/bin/bin/../../lib/gcc/pic32mx/4.8.3/../../../../pic32mx/lib\liblega-c.a(_doprnt_cdnopuxX.eo)
                                 0x8f (size before relaxing)
 .comment       0x0000017e       0x53 c:/program files/microchip/xc32/v2.41/bin/bin/../../lib/gcc/pic32mx/4.8.3/../../../../pic32mx/lib\liblega-c.a(_iobdata.o)
                                 0x90 (size before relaxing)
 .comment       0x000001d1       0x54 c:/program files/microchip/xc32/v2.41/bin/bin/../../lib/gcc/pic32mx/4.8.3/../../../../pic32mx/lib\liblega-c.a(_iobfuncs.o)
                                 0x91 (size before relaxing)
 .comment       0x00000225       0x50 c:/program files/microchip/xc32/v2.41/bin/bin/../../lib/gcc/pic32mx/4.8.3/../../../../pic32mx/lib\liblega-c.a(fputc.o)
                                 0x8d (size before relaxing)
 .comment       0x00000275       0x4e c:/program files/microchip/xc32/v2.41/bin/bin/../../lib/gcc/pic32mx/4.8.3/../../../../pic32mx/lib\liblega-c.a(errno.o)
                                 0x8b (size before relaxing)
 .comment       0x00000000       0x3d c:/program files/microchip/xc32/v2.41/bin/bin/../../lib/gcc/pic32mx/4.8.3\libgcc.a(_udivdi3.o)
 .comment       0x00000000       0x3d c:/program files/microchip/xc32/v2.41/bin/bin/../../lib/gcc/pic32mx/4.8.3\libgcc.a(_umoddi3.o)
 .comment       0x00000000       0x3d c:/program files/microchip/xc32/v2.41/bin/bin/../../lib/gcc/pic32mx/4.8.3/../../../../pic32mx/lib\libpic32.a(_mon_write.o)

.debug
 *(.debug)

.line
 *(.line)

.debug_srcinfo
 *(.debug_srcinfo)

.debug_sfnames
 *(.debug_sfnames)

.debug_aranges  0x00000000      0x5b0
 *(.debug_aranges)
 .debug_aranges
                0x00000000       0x20 build/default/production/_ext/1975241074/AD.o
 .debug_aranges
                0x00000020       0x20 build/default/production/_ext/1975241074/BOARD.o
 .debug_aranges
                0x00000040       0x20 build/default/production/_ext/1975241074/ES_CheckEvents.o
 .debug_aranges
                0x00000060       0x20 build/default/production/_ext/1975241074/ES_Framework.o
 .debug_aranges
                0x00000080       0x20 build/default/production/_ext/1975241074/ES_KeyboardInput.o
 .debug_aranges
                0x000000a0       0x18 build/default/production/_ext/1975241074/ES_PostList.o
 .debug_aranges
                0x000000b8       0x20 build/default/production/_ext/1975241074/ES_Queue.o
 .debug_aranges
                0x000000d8       0x18 build/default/production/_ext/1975241074/ES_TattleTale.o
 .debug_aranges
                0x000000f0       0x20 build/default/production/_ext/1975241074/ES_Timers.o
 .debug_aranges
                0x00000110       0x20 build/default/production/_ext/1975241074/IO_Ports.o
 .debug_aranges
                0x00000130       0x20 build/default/production/_ext/1975241074/LED.o
 .debug_aranges
                0x00000150       0x20 build/default/production/_ext/1975241074/RC_Servo.o
 .debug_aranges
                0x00000170       0x20 build/default/production/_ext/1975241074/pwm.o
 .debug_aranges
                0x00000190       0x20 build/default/production/_ext/1975241074/roach.o
 .debug_aranges
                0x000001b0       0x20 build/default/production/_ext/1975241074/serial.o
 .debug_aranges
                0x000001d0       0x20 build/default/production/_ext/1975241074/timers.o
 .debug_aranges
                0x000001f0       0x20 build/default/production/_ext/1556939633/BeaconService.o
 .debug_aranges
                0x00000210       0x20 build/default/production/_ext/1556939633/BumperService.o
 .debug_aranges
                0x00000230       0x20 build/default/production/_ext/1556939633/DepositBigLoadSubHSM.o
 .debug_aranges
                0x00000250       0x20 build/default/production/_ext/1556939633/DispenserService.o
 .debug_aranges
                0x00000270       0x20 build/default/production/_ext/1556939633/EdgeFollowingSubHSM.o
 .debug_aranges
                0x00000290       0x20 build/default/production/_ext/1556939633/EncoderService.o
 .debug_aranges
                0x000002b0       0x20 build/default/production/_ext/1556939633/EventCheckers.o
 .debug_aranges
                0x000002d0       0x20 build/default/production/_ext/1556939633/FindCorrectSideCWSubHSM.o
 .debug_aranges
                0x000002f0       0x20 build/default/production/_ext/1556939633/MotorControl.o
 .debug_aranges
                0x00000310       0x20 build/default/production/_ext/1556939633/OrientationSubHSM.o
 .debug_aranges
                0x00000330       0x20 build/default/production/_ext/1556939633/ParallelVatSubHSM.o
 .debug_aranges
                0x00000350       0x20 build/default/production/_ext/1556939633/TankService.o
 .debug_aranges
                0x00000370       0x20 build/default/production/_ext/1556939633/TapeService.o
 .debug_aranges
                0x00000390       0x20 build/default/production/_ext/1556939633/TemplateES_Main.o
 .debug_aranges
                0x000003b0       0x20 build/default/production/_ext/1556939633/TravelToBeaconSubHSM.o
 .debug_aranges
                0x000003d0       0x20 build/default/production/_ext/1556939633/TopLvlHSM.o
 .debug_aranges
                0x000003f0       0x20 build/default/production/_ext/1556939633/ReorientateSubHSM.o
 .debug_aranges
                0x00000410       0x20 build/default/production/_ext/1556939633/CheckIfTowerSubHSM.o
 .debug_aranges
                0x00000430       0x20 build/default/production/_ext/1556939633/EdgeObstacleSubHSM.o
 .debug_aranges
                0x00000450       0x20 build/default/production/_ext/1556939633/FindCorrectSideCCWSubHSM.o
 .debug_aranges
                0x00000470       0x20 build/default/production/_ext/1556939633/DepositBigLoadCCWSubHSM.o
 .debug_aranges
                0x00000490       0x20 c:/program files/microchip/xc32/v2.41/bin/bin/../../lib/gcc/pic32mx/4.8.3\libgcc.a(floatunsisf.o)
 .debug_aranges
                0x000004b0       0x20 c:/program files/microchip/xc32/v2.41/bin/bin/../../lib/gcc/pic32mx/4.8.3/../../../../pic32mx/lib\libpic32.a(default-bootstrap-exception-handler.o)
 .debug_aranges
                0x000004d0       0x20 c:/program files/microchip/xc32/v2.41/bin/bin/../../lib/gcc/pic32mx/4.8.3/../../../../pic32mx/lib\libpic32.a(default-on-reset.o)
 .debug_aranges
                0x000004f0       0x20 c:/program files/microchip/xc32/v2.41/bin/bin/../../lib/gcc/pic32mx/4.8.3/../../../../pic32mx/lib\libpic32.a(default-on-bootstrap.o)
 .debug_aranges
                0x00000510       0x20 c:/program files/microchip/xc32/v2.41/bin/bin/../../lib/gcc/pic32mx/4.8.3/../../../../pic32mx/lib\libpic32.a(default-general-exception-handler.o)
 .debug_aranges
                0x00000530       0x20 c:/program files/microchip/xc32/v2.41/bin/bin/../../lib/gcc/pic32mx/4.8.3/../../../../pic32mx/lib\libpic32.a(defaultinterrupt.o)
 .debug_aranges
                0x00000550       0x20 c:/program files/microchip/xc32/v2.41/bin/bin/../../lib/gcc/pic32mx/4.8.3\libgcc.a(_udivdi3.o)
 .debug_aranges
                0x00000570       0x20 c:/program files/microchip/xc32/v2.41/bin/bin/../../lib/gcc/pic32mx/4.8.3\libgcc.a(_umoddi3.o)
 .debug_aranges
                0x00000590       0x20 c:/program files/microchip/xc32/v2.41/bin/bin/../../lib/gcc/pic32mx/4.8.3/../../../../pic32mx/lib\libpic32.a(_mon_write.o)

.debug_pubnames
 *(.debug_pubnames)

.debug_info     0x00000000    0x17a3d
 *(.debug_info .gnu.linkonce.wi.*)
 .debug_info    0x00000000      0xf2e build/default/production/_ext/1975241074/AD.o
 .debug_info    0x00000f2e      0x25e build/default/production/_ext/1975241074/BOARD.o
 .debug_info    0x0000118c      0x246 build/default/production/_ext/1975241074/ES_CheckEvents.o
 .debug_info    0x000013d2      0x976 build/default/production/_ext/1975241074/ES_Framework.o
 .debug_info    0x00001d48      0x647 build/default/production/_ext/1975241074/ES_KeyboardInput.o
 .debug_info    0x0000238f      0x167 build/default/production/_ext/1975241074/ES_PostList.o
 .debug_info    0x000024f6      0x6e8 build/default/production/_ext/1975241074/ES_Queue.o
 .debug_info    0x00002bde      0x18a build/default/production/_ext/1975241074/ES_TattleTale.o
 .debug_info    0x00002d68     0x1011 build/default/production/_ext/1975241074/ES_Timers.o
 .debug_info    0x00003d79      0xff5 build/default/production/_ext/1975241074/IO_Ports.o
 .debug_info    0x00004d6e      0xd53 build/default/production/_ext/1975241074/LED.o
 .debug_info    0x00005ac1      0xf12 build/default/production/_ext/1975241074/RC_Servo.o
 .debug_info    0x000069d3      0x6e5 build/default/production/_ext/1975241074/pwm.o
 .debug_info    0x000070b8     0x112a build/default/production/_ext/1975241074/roach.o
 .debug_info    0x000081e2      0xf16 build/default/production/_ext/1975241074/serial.o
 .debug_info    0x000090f8      0xbcd build/default/production/_ext/1975241074/timers.o
 .debug_info    0x00009cc5      0x7fc build/default/production/_ext/1556939633/BeaconService.o
 .debug_info    0x0000a4c1     0x1133 build/default/production/_ext/1556939633/BumperService.o
 .debug_info    0x0000b5f4      0x7f2 build/default/production/_ext/1556939633/DepositBigLoadSubHSM.o
 .debug_info    0x0000bde6      0x6ee build/default/production/_ext/1556939633/DispenserService.o
 .debug_info    0x0000c4d4      0x9b3 build/default/production/_ext/1556939633/EdgeFollowingSubHSM.o
 .debug_info    0x0000ce87      0xec8 build/default/production/_ext/1556939633/EncoderService.o
 .debug_info    0x0000dd4f     0x1214 build/default/production/_ext/1556939633/EventCheckers.o
 .debug_info    0x0000ef63      0x87b build/default/production/_ext/1556939633/FindCorrectSideCWSubHSM.o
 .debug_info    0x0000f7de     0x1122 build/default/production/_ext/1556939633/MotorControl.o
 .debug_info    0x00010900      0x782 build/default/production/_ext/1556939633/OrientationSubHSM.o
 .debug_info    0x00011082      0x7eb build/default/production/_ext/1556939633/ParallelVatSubHSM.o
 .debug_info    0x0001186d      0x6d4 build/default/production/_ext/1556939633/TankService.o
 .debug_info    0x00011f41      0xba1 build/default/production/_ext/1556939633/TapeService.o
 .debug_info    0x00012ae2      0x265 build/default/production/_ext/1556939633/TemplateES_Main.o
 .debug_info    0x00012d47      0x8ee build/default/production/_ext/1556939633/TravelToBeaconSubHSM.o
 .debug_info    0x00013635      0x80e build/default/production/_ext/1556939633/TopLvlHSM.o
 .debug_info    0x00013e43      0x723 build/default/production/_ext/1556939633/ReorientateSubHSM.o
 .debug_info    0x00014566      0x7b3 build/default/production/_ext/1556939633/CheckIfTowerSubHSM.o
 .debug_info    0x00014d19      0x808 build/default/production/_ext/1556939633/EdgeObstacleSubHSM.o
 .debug_info    0x00015521      0x7f7 build/default/production/_ext/1556939633/FindCorrectSideCCWSubHSM.o
 .debug_info    0x00015d18      0x7f3 build/default/production/_ext/1556939633/DepositBigLoadCCWSubHSM.o
 .debug_info    0x0001650b      0x129 c:/program files/microchip/xc32/v2.41/bin/bin/../../lib/gcc/pic32mx/4.8.3\libgcc.a(floatunsisf.o)
 .debug_info    0x00016634       0xf4 c:/program files/microchip/xc32/v2.41/bin/bin/../../lib/gcc/pic32mx/4.8.3/../../../../pic32mx/lib\libpic32.a(default-bootstrap-exception-handler.o)
 .debug_info    0x00016728       0xcd c:/program files/microchip/xc32/v2.41/bin/bin/../../lib/gcc/pic32mx/4.8.3/../../../../pic32mx/lib\libpic32.a(default-on-reset.o)
 .debug_info    0x000167f5       0xd5 c:/program files/microchip/xc32/v2.41/bin/bin/../../lib/gcc/pic32mx/4.8.3/../../../../pic32mx/lib\libpic32.a(default-on-bootstrap.o)
 .debug_info    0x000168ca       0xf0 c:/program files/microchip/xc32/v2.41/bin/bin/../../lib/gcc/pic32mx/4.8.3/../../../../pic32mx/lib\libpic32.a(default-general-exception-handler.o)
 .debug_info    0x000169ba       0xe7 c:/program files/microchip/xc32/v2.41/bin/bin/../../lib/gcc/pic32mx/4.8.3/../../../../pic32mx/lib\libpic32.a(defaultinterrupt.o)
 .debug_info    0x00016aa1      0x74b c:/program files/microchip/xc32/v2.41/bin/bin/../../lib/gcc/pic32mx/4.8.3\libgcc.a(_udivdi3.o)
 .debug_info    0x000171ec      0x788 c:/program files/microchip/xc32/v2.41/bin/bin/../../lib/gcc/pic32mx/4.8.3\libgcc.a(_umoddi3.o)
 .debug_info    0x00017974       0xc9 c:/program files/microchip/xc32/v2.41/bin/bin/../../lib/gcc/pic32mx/4.8.3/../../../../pic32mx/lib\libpic32.a(_mon_write.o)

.debug_abbrev   0x00000000     0x2dff
 *(.debug_abbrev)
 .debug_abbrev  0x00000000      0x178 build/default/production/_ext/1975241074/AD.o
 .debug_abbrev  0x00000178       0x97 build/default/production/_ext/1975241074/BOARD.o
 .debug_abbrev  0x0000020f       0x9a build/default/production/_ext/1975241074/ES_CheckEvents.o
 .debug_abbrev  0x000002a9      0x169 build/default/production/_ext/1975241074/ES_Framework.o
 .debug_abbrev  0x00000412      0x11d build/default/production/_ext/1975241074/ES_KeyboardInput.o
 .debug_abbrev  0x0000052f       0x4c build/default/production/_ext/1975241074/ES_PostList.o
 .debug_abbrev  0x0000057b       0xf6 build/default/production/_ext/1975241074/ES_Queue.o
 .debug_abbrev  0x00000671       0x4c build/default/production/_ext/1975241074/ES_TattleTale.o
 .debug_abbrev  0x000006bd      0x1ea build/default/production/_ext/1975241074/ES_Timers.o
 .debug_abbrev  0x000008a7      0x196 build/default/production/_ext/1975241074/IO_Ports.o
 .debug_abbrev  0x00000a3d      0x1c8 build/default/production/_ext/1975241074/LED.o
 .debug_abbrev  0x00000c05      0x1de build/default/production/_ext/1975241074/RC_Servo.o
 .debug_abbrev  0x00000de3      0x1a6 build/default/production/_ext/1975241074/pwm.o
 .debug_abbrev  0x00000f89      0x1b3 build/default/production/_ext/1975241074/roach.o
 .debug_abbrev  0x0000113c      0x18f build/default/production/_ext/1975241074/serial.o
 .debug_abbrev  0x000012cb      0x131 build/default/production/_ext/1975241074/timers.o
 .debug_abbrev  0x000013fc      0x131 build/default/production/_ext/1556939633/BeaconService.o
 .debug_abbrev  0x0000152d      0x195 build/default/production/_ext/1556939633/BumperService.o
 .debug_abbrev  0x000016c2       0xcb build/default/production/_ext/1556939633/DepositBigLoadSubHSM.o
 .debug_abbrev  0x0000178d      0x10c build/default/production/_ext/1556939633/DispenserService.o
 .debug_abbrev  0x00001899      0x12a build/default/production/_ext/1556939633/EdgeFollowingSubHSM.o
 .debug_abbrev  0x000019c3      0x163 build/default/production/_ext/1556939633/EncoderService.o
 .debug_abbrev  0x00001b26      0x205 build/default/production/_ext/1556939633/EventCheckers.o
 .debug_abbrev  0x00001d2b       0xe3 build/default/production/_ext/1556939633/FindCorrectSideCWSubHSM.o
 .debug_abbrev  0x00001e0e      0x103 build/default/production/_ext/1556939633/MotorControl.o
 .debug_abbrev  0x00001f11       0xd8 build/default/production/_ext/1556939633/OrientationSubHSM.o
 .debug_abbrev  0x00001fe9       0xcb build/default/production/_ext/1556939633/ParallelVatSubHSM.o
 .debug_abbrev  0x000020b4      0x115 build/default/production/_ext/1556939633/TankService.o
 .debug_abbrev  0x000021c9      0x197 build/default/production/_ext/1556939633/TapeService.o
 .debug_abbrev  0x00002360       0x8d build/default/production/_ext/1556939633/TemplateES_Main.o
 .debug_abbrev  0x000023ed      0x11f build/default/production/_ext/1556939633/TravelToBeaconSubHSM.o
 .debug_abbrev  0x0000250c       0xda build/default/production/_ext/1556939633/TopLvlHSM.o
 .debug_abbrev  0x000025e6       0xcb build/default/production/_ext/1556939633/ReorientateSubHSM.o
 .debug_abbrev  0x000026b1       0xfd build/default/production/_ext/1556939633/CheckIfTowerSubHSM.o
 .debug_abbrev  0x000027ae       0xea build/default/production/_ext/1556939633/EdgeObstacleSubHSM.o
 .debug_abbrev  0x00002898       0xcb build/default/production/_ext/1556939633/FindCorrectSideCCWSubHSM.o
 .debug_abbrev  0x00002963       0xcb build/default/production/_ext/1556939633/DepositBigLoadCCWSubHSM.o
 .debug_abbrev  0x00002a2e       0x62 c:/program files/microchip/xc32/v2.41/bin/bin/../../lib/gcc/pic32mx/4.8.3\libgcc.a(floatunsisf.o)
 .debug_abbrev  0x00002a90       0x28 c:/program files/microchip/xc32/v2.41/bin/bin/../../lib/gcc/pic32mx/4.8.3/../../../../pic32mx/lib\libpic32.a(default-bootstrap-exception-handler.o)
 .debug_abbrev  0x00002ab8       0x28 c:/program files/microchip/xc32/v2.41/bin/bin/../../lib/gcc/pic32mx/4.8.3/../../../../pic32mx/lib\libpic32.a(default-on-reset.o)
 .debug_abbrev  0x00002ae0       0x28 c:/program files/microchip/xc32/v2.41/bin/bin/../../lib/gcc/pic32mx/4.8.3/../../../../pic32mx/lib\libpic32.a(default-on-bootstrap.o)
 .debug_abbrev  0x00002b08       0x28 c:/program files/microchip/xc32/v2.41/bin/bin/../../lib/gcc/pic32mx/4.8.3/../../../../pic32mx/lib\libpic32.a(default-general-exception-handler.o)
 .debug_abbrev  0x00002b30       0x28 c:/program files/microchip/xc32/v2.41/bin/bin/../../lib/gcc/pic32mx/4.8.3/../../../../pic32mx/lib\libpic32.a(defaultinterrupt.o)
 .debug_abbrev  0x00002b58      0x138 c:/program files/microchip/xc32/v2.41/bin/bin/../../lib/gcc/pic32mx/4.8.3\libgcc.a(_udivdi3.o)
 .debug_abbrev  0x00002c90      0x147 c:/program files/microchip/xc32/v2.41/bin/bin/../../lib/gcc/pic32mx/4.8.3\libgcc.a(_umoddi3.o)
 .debug_abbrev  0x00002dd7       0x28 c:/program files/microchip/xc32/v2.41/bin/bin/../../lib/gcc/pic32mx/4.8.3/../../../../pic32mx/lib\libpic32.a(_mon_write.o)

.debug_line     0x00000000     0x5158
 *(.debug_line)
 .debug_line    0x00000000      0x230 build/default/production/_ext/1975241074/AD.o
 .debug_line    0x00000230      0x110 build/default/production/_ext/1975241074/BOARD.o
 .debug_line    0x00000340      0x17e build/default/production/_ext/1975241074/ES_CheckEvents.o
 .debug_line    0x000004be      0x1f2 build/default/production/_ext/1975241074/ES_Framework.o
 .debug_line    0x000006b0      0x191 build/default/production/_ext/1975241074/ES_KeyboardInput.o
 .debug_line    0x00000841       0x76 build/default/production/_ext/1975241074/ES_PostList.o
 .debug_line    0x000008b7      0x1a3 build/default/production/_ext/1975241074/ES_Queue.o
 .debug_line    0x00000a5a       0x76 build/default/production/_ext/1975241074/ES_TattleTale.o
 .debug_line    0x00000ad0      0x203 build/default/production/_ext/1975241074/ES_Timers.o
 .debug_line    0x00000cd3      0x1da build/default/production/_ext/1975241074/IO_Ports.o
 .debug_line    0x00000ead      0x2ae build/default/production/_ext/1975241074/LED.o
 .debug_line    0x0000115b      0x266 build/default/production/_ext/1975241074/RC_Servo.o
 .debug_line    0x000013c1      0x1f5 build/default/production/_ext/1975241074/pwm.o
 .debug_line    0x000015b6      0x1a2 build/default/production/_ext/1975241074/roach.o
 .debug_line    0x00001758      0x1cd build/default/production/_ext/1975241074/serial.o
 .debug_line    0x00001925      0x173 build/default/production/_ext/1975241074/timers.o
 .debug_line    0x00001a98      0x1d5 build/default/production/_ext/1556939633/BeaconService.o
 .debug_line    0x00001c6d      0x2d7 build/default/production/_ext/1556939633/BumperService.o
 .debug_line    0x00001f44      0x2be build/default/production/_ext/1556939633/DepositBigLoadSubHSM.o
 .debug_line    0x00002202      0x19d build/default/production/_ext/1556939633/DispenserService.o
 .debug_line    0x0000239f      0x2cd build/default/production/_ext/1556939633/EdgeFollowingSubHSM.o
 .debug_line    0x0000266c      0x1ff build/default/production/_ext/1556939633/EncoderService.o
 .debug_line    0x0000286b      0x2c2 build/default/production/_ext/1556939633/EventCheckers.o
 .debug_line    0x00002b2d      0x2f7 build/default/production/_ext/1556939633/FindCorrectSideCWSubHSM.o
 .debug_line    0x00002e24      0x1dc build/default/production/_ext/1556939633/MotorControl.o
 .debug_line    0x00003000      0x224 build/default/production/_ext/1556939633/OrientationSubHSM.o
 .debug_line    0x00003224      0x2d9 build/default/production/_ext/1556939633/ParallelVatSubHSM.o
 .debug_line    0x000034fd      0x19d build/default/production/_ext/1556939633/TankService.o
 .debug_line    0x0000369a      0x247 build/default/production/_ext/1556939633/TapeService.o
 .debug_line    0x000038e1       0xd2 build/default/production/_ext/1556939633/TemplateES_Main.o
 .debug_line    0x000039b3      0x298 build/default/production/_ext/1556939633/TravelToBeaconSubHSM.o
 .debug_line    0x00003c4b      0x2a4 build/default/production/_ext/1556939633/TopLvlHSM.o
 .debug_line    0x00003eef      0x1b2 build/default/production/_ext/1556939633/ReorientateSubHSM.o
 .debug_line    0x000040a1      0x21f build/default/production/_ext/1556939633/CheckIfTowerSubHSM.o
 .debug_line    0x000042c0      0x29f build/default/production/_ext/1556939633/EdgeObstacleSubHSM.o
 .debug_line    0x0000455f      0x309 build/default/production/_ext/1556939633/FindCorrectSideCCWSubHSM.o
 .debug_line    0x00004868      0x2b6 build/default/production/_ext/1556939633/DepositBigLoadCCWSubHSM.o
 .debug_line    0x00004b1e       0x94 c:/program files/microchip/xc32/v2.41/bin/bin/../../lib/gcc/pic32mx/4.8.3\libgcc.a(floatunsisf.o)
 .debug_line    0x00004bb2       0xa6 c:/program files/microchip/xc32/v2.41/bin/bin/../../lib/gcc/pic32mx/4.8.3/../../../../pic32mx/lib\libpic32.a(default-bootstrap-exception-handler.o)
 .debug_line    0x00004c58       0x93 c:/program files/microchip/xc32/v2.41/bin/bin/../../lib/gcc/pic32mx/4.8.3/../../../../pic32mx/lib\libpic32.a(default-on-reset.o)
 .debug_line    0x00004ceb       0x97 c:/program files/microchip/xc32/v2.41/bin/bin/../../lib/gcc/pic32mx/4.8.3/../../../../pic32mx/lib\libpic32.a(default-on-bootstrap.o)
 .debug_line    0x00004d82       0xa4 c:/program files/microchip/xc32/v2.41/bin/bin/../../lib/gcc/pic32mx/4.8.3/../../../../pic32mx/lib\libpic32.a(default-general-exception-handler.o)
 .debug_line    0x00004e26       0xa5 c:/program files/microchip/xc32/v2.41/bin/bin/../../lib/gcc/pic32mx/4.8.3/../../../../pic32mx/lib\libpic32.a(defaultinterrupt.o)
 .debug_line    0x00004ecb       0xf7 c:/program files/microchip/xc32/v2.41/bin/bin/../../lib/gcc/pic32mx/4.8.3\libgcc.a(_udivdi3.o)
 .debug_line    0x00004fc2      0x109 c:/program files/microchip/xc32/v2.41/bin/bin/../../lib/gcc/pic32mx/4.8.3\libgcc.a(_umoddi3.o)
 .debug_line    0x000050cb       0x8d c:/program files/microchip/xc32/v2.41/bin/bin/../../lib/gcc/pic32mx/4.8.3/../../../../pic32mx/lib\libpic32.a(_mon_write.o)

.debug_frame    0x00000000     0x1f60
 *(.debug_frame)
 .debug_frame   0x00000000      0x180 build/default/production/_ext/1975241074/AD.o
 .debug_frame   0x00000180       0x74 build/default/production/_ext/1975241074/BOARD.o
 .debug_frame   0x000001f4       0x34 build/default/production/_ext/1975241074/ES_CheckEvents.o
 .debug_frame   0x00000228       0xc0 build/default/production/_ext/1975241074/ES_Framework.o
 .debug_frame   0x000002e8       0x98 build/default/production/_ext/1975241074/ES_KeyboardInput.o
 .debug_frame   0x00000380       0x90 build/default/production/_ext/1975241074/ES_Queue.o
 .debug_frame   0x00000410      0x13c build/default/production/_ext/1975241074/ES_Timers.o
 .debug_frame   0x0000054c      0x200 build/default/production/_ext/1975241074/IO_Ports.o
 .debug_frame   0x0000074c      0x170 build/default/production/_ext/1975241074/LED.o
 .debug_frame   0x000008bc      0x1e8 build/default/production/_ext/1975241074/RC_Servo.o
 .debug_frame   0x00000aa4      0x148 build/default/production/_ext/1975241074/pwm.o
 .debug_frame   0x00000bec      0x1c8 build/default/production/_ext/1975241074/roach.o
 .debug_frame   0x00000db4      0x14c build/default/production/_ext/1975241074/serial.o
 .debug_frame   0x00000f00      0x164 build/default/production/_ext/1975241074/timers.o
 .debug_frame   0x00001064       0xe0 build/default/production/_ext/1556939633/BeaconService.o
 .debug_frame   0x00001144      0x1bc build/default/production/_ext/1556939633/BumperService.o
 .debug_frame   0x00001300       0x58 build/default/production/_ext/1556939633/DepositBigLoadSubHSM.o
 .debug_frame   0x00001358       0xa0 build/default/production/_ext/1556939633/DispenserService.o
 .debug_frame   0x000013f8       0xb4 build/default/production/_ext/1556939633/EdgeFollowingSubHSM.o
 .debug_frame   0x000014ac       0x7c build/default/production/_ext/1556939633/EncoderService.o
 .debug_frame   0x00001528      0x160 build/default/production/_ext/1556939633/EventCheckers.o
 .debug_frame   0x00001688       0x78 build/default/production/_ext/1556939633/FindCorrectSideCWSubHSM.o
 .debug_frame   0x00001700      0x1c0 build/default/production/_ext/1556939633/MotorControl.o
 .debug_frame   0x000018c0       0x58 build/default/production/_ext/1556939633/OrientationSubHSM.o
 .debug_frame   0x00001918       0x58 build/default/production/_ext/1556939633/ParallelVatSubHSM.o
 .debug_frame   0x00001970       0xc0 build/default/production/_ext/1556939633/TankService.o
 .debug_frame   0x00001a30       0xdc build/default/production/_ext/1556939633/TapeService.o
 .debug_frame   0x00001b0c       0x2c build/default/production/_ext/1556939633/TemplateES_Main.o
 .debug_frame   0x00001b38       0x9c build/default/production/_ext/1556939633/TravelToBeaconSubHSM.o
 .debug_frame   0x00001bd4       0x7c build/default/production/_ext/1556939633/TopLvlHSM.o
 .debug_frame   0x00001c50       0x58 build/default/production/_ext/1556939633/ReorientateSubHSM.o
 .debug_frame   0x00001ca8       0x58 build/default/production/_ext/1556939633/CheckIfTowerSubHSM.o
 .debug_frame   0x00001d00       0x58 build/default/production/_ext/1556939633/EdgeObstacleSubHSM.o
 .debug_frame   0x00001d58       0x58 build/default/production/_ext/1556939633/FindCorrectSideCCWSubHSM.o
 .debug_frame   0x00001db0       0x58 build/default/production/_ext/1556939633/DepositBigLoadCCWSubHSM.o
 .debug_frame   0x00001e08       0x30 c:/program files/microchip/xc32/v2.41/bin/bin/../../lib/gcc/pic32mx/4.8.3\libgcc.a(floatunsisf.o)
 .debug_frame   0x00001e38       0x2c c:/program files/microchip/xc32/v2.41/bin/bin/../../lib/gcc/pic32mx/4.8.3/../../../../pic32mx/lib\libpic32.a(default-bootstrap-exception-handler.o)
 .debug_frame   0x00001e64       0x20 c:/program files/microchip/xc32/v2.41/bin/bin/../../lib/gcc/pic32mx/4.8.3/../../../../pic32mx/lib\libpic32.a(default-on-reset.o)
 .debug_frame   0x00001e84       0x20 c:/program files/microchip/xc32/v2.41/bin/bin/../../lib/gcc/pic32mx/4.8.3/../../../../pic32mx/lib\libpic32.a(default-on-bootstrap.o)
 .debug_frame   0x00001ea4       0x2c c:/program files/microchip/xc32/v2.41/bin/bin/../../lib/gcc/pic32mx/4.8.3/../../../../pic32mx/lib\libpic32.a(default-general-exception-handler.o)
 .debug_frame   0x00001ed0       0x20 c:/program files/microchip/xc32/v2.41/bin/bin/../../lib/gcc/pic32mx/4.8.3/../../../../pic32mx/lib\libpic32.a(defaultinterrupt.o)
 .debug_frame   0x00001ef0       0x20 c:/program files/microchip/xc32/v2.41/bin/bin/../../lib/gcc/pic32mx/4.8.3\libgcc.a(_udivdi3.o)
 .debug_frame   0x00001f10       0x20 c:/program files/microchip/xc32/v2.41/bin/bin/../../lib/gcc/pic32mx/4.8.3\libgcc.a(_umoddi3.o)
 .debug_frame   0x00001f30       0x30 c:/program files/microchip/xc32/v2.41/bin/bin/../../lib/gcc/pic32mx/4.8.3/../../../../pic32mx/lib\libpic32.a(_mon_write.o)

.debug_str      0x00000000      0x12e
 *(.debug_str)
 .debug_str     0x00000000        0x0 build/default/production/_ext/1975241074/AD.o
 .debug_str     0x00000000        0x0 build/default/production/_ext/1975241074/BOARD.o
 .debug_str     0x00000000        0x0 build/default/production/_ext/1975241074/ES_CheckEvents.o
 .debug_str     0x00000000        0xa build/default/production/_ext/1975241074/ES_Framework.o
 .debug_str     0x0000000a        0xa build/default/production/_ext/1975241074/ES_KeyboardInput.o
 .debug_str     0x00000014        0x0 build/default/production/_ext/1975241074/ES_PostList.o
 .debug_str     0x00000014       0x12 build/default/production/_ext/1975241074/ES_Queue.o
 .debug_str     0x00000026        0x0 build/default/production/_ext/1975241074/ES_TattleTale.o
 .debug_str     0x00000026        0x9 build/default/production/_ext/1975241074/ES_Timers.o
 .debug_str     0x0000002f        0xd build/default/production/_ext/1975241074/IO_Ports.o
 .debug_str     0x0000003c        0x8 build/default/production/_ext/1975241074/LED.o
 .debug_str     0x00000044        0x7 build/default/production/_ext/1975241074/RC_Servo.o
 .debug_str     0x0000004b       0x26 build/default/production/_ext/1975241074/pwm.o
 .debug_str     0x00000071        0x9 build/default/production/_ext/1975241074/roach.o
 .debug_str     0x0000007a        0x0 build/default/production/_ext/1975241074/serial.o
 .debug_str     0x0000007a        0x0 build/default/production/_ext/1975241074/timers.o
 .debug_str     0x0000007a        0xa build/default/production/_ext/1556939633/BeaconService.o
 .debug_str     0x00000084       0x17 build/default/production/_ext/1556939633/BumperService.o
 .debug_str     0x0000009b        0x0 build/default/production/_ext/1556939633/DepositBigLoadSubHSM.o
 .debug_str     0x0000009b        0xa build/default/production/_ext/1556939633/DispenserService.o
 .debug_str     0x000000a5        0x0 build/default/production/_ext/1556939633/EdgeFollowingSubHSM.o
 .debug_str     0x000000a5       0x16 build/default/production/_ext/1556939633/EncoderService.o
 .debug_str     0x000000bb       0x4b build/default/production/_ext/1556939633/EventCheckers.o
 .debug_str     0x00000106        0x0 build/default/production/_ext/1556939633/FindCorrectSideCWSubHSM.o
 .debug_str     0x00000106        0x0 build/default/production/_ext/1556939633/MotorControl.o
 .debug_str     0x00000106        0x0 build/default/production/_ext/1556939633/OrientationSubHSM.o
 .debug_str     0x00000106        0x0 build/default/production/_ext/1556939633/ParallelVatSubHSM.o
 .debug_str     0x00000106        0xa build/default/production/_ext/1556939633/TankService.o
 .debug_str     0x00000110        0xa build/default/production/_ext/1556939633/TapeService.o
 .debug_str     0x0000011a        0x0 build/default/production/_ext/1556939633/TemplateES_Main.o
 .debug_str     0x0000011a        0xa build/default/production/_ext/1556939633/TravelToBeaconSubHSM.o
 .debug_str     0x00000124        0xa build/default/production/_ext/1556939633/TopLvlHSM.o
 .debug_str     0x0000012e        0x0 build/default/production/_ext/1556939633/ReorientateSubHSM.o
 .debug_str     0x0000012e        0x0 build/default/production/_ext/1556939633/CheckIfTowerSubHSM.o
 .debug_str     0x0000012e        0x0 build/default/production/_ext/1556939633/EdgeObstacleSubHSM.o
 .debug_str     0x0000012e        0x0 build/default/production/_ext/1556939633/FindCorrectSideCCWSubHSM.o
 .debug_str     0x0000012e        0x0 build/default/production/_ext/1556939633/DepositBigLoadCCWSubHSM.o
 .debug_str     0x0000012e        0x0 c:/program files/microchip/xc32/v2.41/bin/bin/../../lib/gcc/pic32mx/4.8.3\libgcc.a(floatunsisf.o)
 .debug_str     0x0000012e        0x0 c:/program files/microchip/xc32/v2.41/bin/bin/../../lib/gcc/pic32mx/4.8.3/../../../../pic32mx/lib\libpic32.a(default-bootstrap-exception-handler.o)
 .debug_str     0x0000012e        0x0 c:/program files/microchip/xc32/v2.41/bin/bin/../../lib/gcc/pic32mx/4.8.3/../../../../pic32mx/lib\libpic32.a(default-on-reset.o)
 .debug_str     0x0000012e        0x0 c:/program files/microchip/xc32/v2.41/bin/bin/../../lib/gcc/pic32mx/4.8.3/../../../../pic32mx/lib\libpic32.a(default-on-bootstrap.o)
 .debug_str     0x0000012e        0x0 c:/program files/microchip/xc32/v2.41/bin/bin/../../lib/gcc/pic32mx/4.8.3/../../../../pic32mx/lib\libpic32.a(default-general-exception-handler.o)
 .debug_str     0x0000012e        0x0 c:/program files/microchip/xc32/v2.41/bin/bin/../../lib/gcc/pic32mx/4.8.3/../../../../pic32mx/lib\libpic32.a(defaultinterrupt.o)
 .debug_str     0x0000012e        0x0 c:/program files/microchip/xc32/v2.41/bin/bin/../../lib/gcc/pic32mx/4.8.3\libgcc.a(_udivdi3.o)
 .debug_str     0x0000012e        0x0 c:/program files/microchip/xc32/v2.41/bin/bin/../../lib/gcc/pic32mx/4.8.3\libgcc.a(_umoddi3.o)
 .debug_str     0x0000012e        0x0 c:/program files/microchip/xc32/v2.41/bin/bin/../../lib/gcc/pic32mx/4.8.3/../../../../pic32mx/lib\libpic32.a(_mon_write.o)

.debug_loc      0x00000000     0x159f
 *(.debug_loc)
 .debug_loc     0x00000000       0x74 c:/program files/microchip/xc32/v2.41/bin/bin/../../lib/gcc/pic32mx/4.8.3\libgcc.a(floatunsisf.o)
 .debug_loc     0x00000074       0x2c c:/program files/microchip/xc32/v2.41/bin/bin/../../lib/gcc/pic32mx/4.8.3/../../../../pic32mx/lib\libpic32.a(default-bootstrap-exception-handler.o)
 .debug_loc     0x000000a0       0x2c c:/program files/microchip/xc32/v2.41/bin/bin/../../lib/gcc/pic32mx/4.8.3/../../../../pic32mx/lib\libpic32.a(default-general-exception-handler.o)
 .debug_loc     0x000000cc      0xa6a c:/program files/microchip/xc32/v2.41/bin/bin/../../lib/gcc/pic32mx/4.8.3\libgcc.a(_udivdi3.o)
 .debug_loc     0x00000b36      0xa3d c:/program files/microchip/xc32/v2.41/bin/bin/../../lib/gcc/pic32mx/4.8.3\libgcc.a(_umoddi3.o)
 .debug_loc     0x00001573       0x2c c:/program files/microchip/xc32/v2.41/bin/bin/../../lib/gcc/pic32mx/4.8.3/../../../../pic32mx/lib\libpic32.a(_mon_write.o)

.debug_macinfo
 *(.debug_macinfo)

.debug_weaknames
 *(.debug_weaknames)

.debug_funcnames
 *(.debug_funcnames)

.debug_typenames
 *(.debug_typenames)

.debug_varnames
 *(.debug_varnames)

.debug_pubtypes
 *(.debug_pubtypes)

.debug_ranges   0x00000000      0x1d0
 *(.debug_ranges)
 .debug_ranges  0x00000000       0x10 c:/program files/microchip/xc32/v2.41/bin/bin/../../lib/gcc/pic32mx/4.8.3/../../../../pic32mx/lib\libpic32.a(default-bootstrap-exception-handler.o)
 .debug_ranges  0x00000010       0x10 c:/program files/microchip/xc32/v2.41/bin/bin/../../lib/gcc/pic32mx/4.8.3/../../../../pic32mx/lib\libpic32.a(default-on-reset.o)
 .debug_ranges  0x00000020       0x10 c:/program files/microchip/xc32/v2.41/bin/bin/../../lib/gcc/pic32mx/4.8.3/../../../../pic32mx/lib\libpic32.a(default-on-bootstrap.o)
 .debug_ranges  0x00000030       0x10 c:/program files/microchip/xc32/v2.41/bin/bin/../../lib/gcc/pic32mx/4.8.3/../../../../pic32mx/lib\libpic32.a(default-general-exception-handler.o)
 .debug_ranges  0x00000040       0x10 c:/program files/microchip/xc32/v2.41/bin/bin/../../lib/gcc/pic32mx/4.8.3/../../../../pic32mx/lib\libpic32.a(defaultinterrupt.o)
 .debug_ranges  0x00000050       0x98 c:/program files/microchip/xc32/v2.41/bin/bin/../../lib/gcc/pic32mx/4.8.3\libgcc.a(_udivdi3.o)
 .debug_ranges  0x000000e8       0xd8 c:/program files/microchip/xc32/v2.41/bin/bin/../../lib/gcc/pic32mx/4.8.3\libgcc.a(_umoddi3.o)
 .debug_ranges  0x000001c0       0x10 c:/program files/microchip/xc32/v2.41/bin/bin/../../lib/gcc/pic32mx/4.8.3/../../../../pic32mx/lib\libpic32.a(_mon_write.o)

.gnu.attributes
                0x00000000       0x10
 *(.gnu.attributes)
 .gnu.attributes
                0x00000000       0x10 build/default/production/_ext/1975241074/AD.o
 .gnu.attributes
                0x00000010       0x10 build/default/production/_ext/1975241074/BOARD.o
 .gnu.attributes
                0x00000020       0x10 build/default/production/_ext/1975241074/ES_CheckEvents.o
 .gnu.attributes
                0x00000030       0x10 build/default/production/_ext/1975241074/ES_Framework.o
 .gnu.attributes
                0x00000040       0x10 build/default/production/_ext/1975241074/ES_KeyboardInput.o
 .gnu.attributes
                0x00000050       0x10 build/default/production/_ext/1975241074/ES_PostList.o
 .gnu.attributes
                0x00000060       0x10 build/default/production/_ext/1975241074/ES_Queue.o
 .gnu.attributes
                0x00000070       0x10 build/default/production/_ext/1975241074/ES_TattleTale.o
 .gnu.attributes
                0x00000080       0x10 build/default/production/_ext/1975241074/ES_Timers.o
 .gnu.attributes
                0x00000090       0x10 build/default/production/_ext/1975241074/IO_Ports.o
 .gnu.attributes
                0x000000a0       0x10 build/default/production/_ext/1975241074/LED.o
 .gnu.attributes
                0x000000b0       0x10 build/default/production/_ext/1975241074/RC_Servo.o
 .gnu.attributes
                0x000000c0       0x10 build/default/production/_ext/1975241074/pwm.o
 .gnu.attributes
                0x000000d0       0x10 build/default/production/_ext/1975241074/roach.o
 .gnu.attributes
                0x000000e0       0x10 build/default/production/_ext/1975241074/serial.o
 .gnu.attributes
                0x000000f0       0x10 build/default/production/_ext/1975241074/timers.o
 .gnu.attributes
                0x00000100       0x10 build/default/production/_ext/1556939633/BeaconService.o
 .gnu.attributes
                0x00000110       0x10 build/default/production/_ext/1556939633/BumperService.o
 .gnu.attributes
                0x00000120       0x10 build/default/production/_ext/1556939633/DepositBigLoadSubHSM.o
 .gnu.attributes
                0x00000130       0x10 build/default/production/_ext/1556939633/DispenserService.o
 .gnu.attributes
                0x00000140       0x10 build/default/production/_ext/1556939633/EdgeFollowingSubHSM.o
 .gnu.attributes
                0x00000150       0x10 build/default/production/_ext/1556939633/EncoderService.o
 .gnu.attributes
                0x00000160       0x10 build/default/production/_ext/1556939633/EventCheckers.o
 .gnu.attributes
                0x00000170       0x10 build/default/production/_ext/1556939633/FindCorrectSideCWSubHSM.o
 .gnu.attributes
                0x00000180       0x10 build/default/production/_ext/1556939633/MotorControl.o
 .gnu.attributes
                0x00000190       0x10 build/default/production/_ext/1556939633/OrientationSubHSM.o
 .gnu.attributes
                0x000001a0       0x10 build/default/production/_ext/1556939633/ParallelVatSubHSM.o
 .gnu.attributes
                0x000001b0       0x10 build/default/production/_ext/1556939633/TankService.o
 .gnu.attributes
                0x000001c0       0x10 build/default/production/_ext/1556939633/TapeService.o
 .gnu.attributes
                0x000001d0       0x10 build/default/production/_ext/1556939633/TemplateES_Main.o
 .gnu.attributes
                0x000001e0       0x10 build/default/production/_ext/1556939633/TravelToBeaconSubHSM.o
 .gnu.attributes
                0x000001f0       0x10 build/default/production/_ext/1556939633/TopLvlHSM.o
 .gnu.attributes
                0x00000200       0x10 build/default/production/_ext/1556939633/ReorientateSubHSM.o
 .gnu.attributes
                0x00000210       0x10 build/default/production/_ext/1556939633/CheckIfTowerSubHSM.o
 .gnu.attributes
                0x00000220       0x10 build/default/production/_ext/1556939633/EdgeObstacleSubHSM.o
 .gnu.attributes
                0x00000230       0x10 build/default/production/_ext/1556939633/FindCorrectSideCCWSubHSM.o
 .gnu.attributes
                0x00000240       0x10 build/default/production/_ext/1556939633/DepositBigLoadCCWSubHSM.o
 .gnu.attributes
                0x00000250       0x10 c:/program files/microchip/xc32/v2.41/bin/bin/../../lib/gcc/pic32mx/4.8.3\libgcc.a(floatunsisf.o)
 .gnu.attributes
                0x00000260       0x10 c:/program files/microchip/xc32/v2.41/bin/bin/../../lib/gcc/pic32mx/4.8.3/../../../../pic32mx/lib\libpic32.a(default-bootstrap-exception-handler.o)
 .gnu.attributes
                0x00000270       0x10 c:/program files/microchip/xc32/v2.41/bin/bin/../../lib/gcc/pic32mx/4.8.3/../../../../pic32mx/lib\libpic32.a(default-on-reset.o)
 .gnu.attributes
                0x00000280       0x10 c:/program files/microchip/xc32/v2.41/bin/bin/../../lib/gcc/pic32mx/4.8.3/../../../../pic32mx/lib\libpic32.a(default-on-bootstrap.o)
 .gnu.attributes
                0x00000290       0x10 c:/program files/microchip/xc32/v2.41/bin/bin/../../lib/gcc/pic32mx/4.8.3/../../../../pic32mx/lib\libpic32.a(default-general-exception-handler.o)
 .gnu.attributes
                0x000002a0       0x10 c:/program files/microchip/xc32/v2.41/bin/bin/../../lib/gcc/pic32mx/4.8.3/../../../../pic32mx/lib\libpic32.a(defaultinterrupt.o)
 .gnu.attributes
                0x000002b0       0x10 c:/program files/microchip/xc32/v2.41/bin/bin/../../lib/gcc/pic32mx/4.8.3/../../../../pic32mx/lib\liblega-c.a(fputs.o)
 .gnu.attributes
                0x000002c0       0x10 c:/program files/microchip/xc32/v2.41/bin/bin/../../lib/gcc/pic32mx/4.8.3/../../../../pic32mx/lib\liblega-c.a(printf_cdnopuxX.eo)
 .gnu.attributes
                0x000002d0       0x10 c:/program files/microchip/xc32/v2.41/bin/bin/../../lib/gcc/pic32mx/4.8.3/../../../../pic32mx/lib\liblega-c.a(strlen.o)
 .gnu.attributes
                0x000002e0       0x10 c:/program files/microchip/xc32/v2.41/bin/bin/../../lib/gcc/pic32mx/4.8.3/../../../../pic32mx/lib\liblega-c.a(_doprnt_cdnopuxX.eo)
 .gnu.attributes
                0x000002f0       0x10 c:/program files/microchip/xc32/v2.41/bin/bin/../../lib/gcc/pic32mx/4.8.3/../../../../pic32mx/lib\liblega-c.a(_iobdata.o)
 .gnu.attributes
                0x00000300       0x10 c:/program files/microchip/xc32/v2.41/bin/bin/../../lib/gcc/pic32mx/4.8.3/../../../../pic32mx/lib\liblega-c.a(_iobfuncs.o)
 .gnu.attributes
                0x00000310       0x10 c:/program files/microchip/xc32/v2.41/bin/bin/../../lib/gcc/pic32mx/4.8.3/../../../../pic32mx/lib\liblega-c.a(fputc.o)
 .gnu.attributes
                0x00000320       0x10 c:/program files/microchip/xc32/v2.41/bin/bin/../../lib/gcc/pic32mx/4.8.3/../../../../pic32mx/lib\liblega-c.a(errno.o)
 .gnu.attributes
                0x00000330       0x10 c:/program files/microchip/xc32/v2.41/bin/bin/../../lib/gcc/pic32mx/4.8.3\libgcc.a(_udivdi3.o)
 .gnu.attributes
                0x00000340       0x10 c:/program files/microchip/xc32/v2.41/bin/bin/../../lib/gcc/pic32mx/4.8.3\libgcc.a(_umoddi3.o)
 .gnu.attributes
                0x00000350       0x10 c:/program files/microchip/xc32/v2.41/bin/bin/../../lib/gcc/pic32mx/4.8.3/../../../../pic32mx/lib\libpic32.a(_mon_write.o)
                0x00000032                _min_heap_size = 0x32
LOAD C:\Users\athar\AppData\Local\Temp\ccLipUOY.o
LOAD C:\Users\athar\AppData\Local\Temp\cc5PThp9.o
LOAD C:\Users\athar\AppData\Local\Temp\ccHXMjpZ.o
LOAD c:/program files/microchip/xc32/v2.41/bin/bin/../../lib/gcc/pic32mx/4.8.3/../../../../pic32mx/lib/./proc/32MX320F128L\default_isr_vectors.o
LOAD c:/program files/microchip/xc32/v2.41/bin/bin/../../lib/gcc/pic32mx/4.8.3/../../../../pic32mx/lib\pic32_software_reset.o
LOAD c:/program files/microchip/xc32/v2.41/bin/bin/../../lib/gcc/pic32mx/4.8.3\libgcc.a
START GROUP
LOAD c:/program files/microchip/xc32/v2.41/bin/bin/../../lib/gcc/pic32mx/4.8.3/../../../../pic32mx/lib\libpic32.a
LOAD c:/program files/microchip/xc32/v2.41/bin/bin/../../lib/gcc/pic32mx/4.8.3/../../../../pic32mx/lib\libdebug.a
LOAD c:/program files/microchip/xc32/v2.41/bin/bin/../../lib/gcc/pic32mx/4.8.3/../../../../pic32mx/lib\libpic32.a